
==============================================================
Split(cutoff=2026-02-23, test=2026-03-02→2026-05-04, h=10)

pooled WAPE (v3 iters=69, v4 iters=127):
model         baseline      v3      v4
segment                               
TOTAL           0.1898  0.1766  0.2264
smooth/long     0.1349  0.1452  0.1432
smooth/short    0.2183  0.1929  0.2696

bias% by segment:
              baseline   v3    v4
segment                          
smooth/long       -2.6  2.5  -1.0
smooth/short      -8.5  8.2  21.2
TOTAL             -6.4  6.2  13.6
bootstrap v4-vs-baseline [short]: {'delta': 0.0512, 'se': 0.019, 'ci_lo': 0.0147, 'ci_hi': 0.0887}  significant=True
bootstrap v4-vs-v3       [short]: {'delta': 0.0767, 'se': 0.0137, 'ci_lo': 0.0519, 'ci_hi': 0.1038}  significant=True
bootstrap v4-vs-baseline [long]: {'delta': 0.0083, 'se': 0.0142, 'ci_lo': -0.0202, 'ci_hi': 0.0356}  significant=False
bootstrap v4-vs-v3       [long]: {'delta': -0.002, 'se': 0.0085, 'ci_lo': -0.0173, 'ci_hi': 0.0155}  significant=False
ramp cohort (n=68):
    baseline  wape=0.3261 bias=-26.5%
    v3        wape=0.2883 bias=+15.5%
    v4        wape=0.2657 bias=+11.9%
v4 feature importance (gain):
  feature          gain
ramp_4_12 731014.437742
 y_last_r 425439.772907
  lag_1_r 280943.105339
  is_long 170233.895580
     lead 166474.154394
  is_long share of total gain: 9.60%

==============================================================
Split(cutoff=2025-12-15, test=2025-12-22→2026-02-23, h=10)

pooled WAPE (v3 iters=170, v4 iters=422):
model         baseline      v3      v4
segment                               
TOTAL           0.2048  0.2215  0.2128
smooth/long     0.2170  0.2352  0.2156
smooth/short    0.1978  0.2138  0.2113

bias% by segment:
              baseline    v3    v4
segment                           
smooth/long       16.7  19.6  17.1
smooth/short       2.1   0.5   5.3
TOTAL              7.4   7.4   9.5
bootstrap v4-vs-baseline [short]: {'delta': 0.0135, 'se': 0.0081, 'ci_lo': -0.0022, 'ci_hi': 0.0302}  significant=False
bootstrap v4-vs-v3       [short]: {'delta': -0.0025, 'se': 0.0075, 'ci_lo': -0.0169, 'ci_hi': 0.0121}  significant=False
bootstrap v4-vs-baseline [long]: {'delta': -0.0014, 'se': 0.0185, 'ci_lo': -0.0386, 'ci_hi': 0.0363}  significant=False
bootstrap v4-vs-v3       [long]: {'delta': -0.0196, 'se': 0.0098, 'ci_lo': -0.0383, 'ci_hi': -0.0004}  significant=False
ramp cohort (n=225):
    baseline  wape=0.1771 bias=+0.3%
    v3        wape=0.2046 bias=+0.8%
    v4        wape=0.1968 bias=+4.6%
v4 feature importance (gain):
  feature          gain
ramp_4_12 787149.737295
 y_last_r 497307.275154
  lag_1_r 444057.644773
     lead 216562.513659
  is_long  70705.372636
  is_long share of total gain: 3.51%

==============================================================
Split(cutoff=2025-10-06, test=2025-10-13→2025-12-15, h=10)

pooled WAPE (v3 iters=93, v4 iters=62):
model         baseline      v3      v4
segment                               
TOTAL           0.1577  0.1243  0.1256
smooth/long     0.1226  0.1004  0.1016
smooth/short    0.4837  0.3469  0.3494

bias% by segment:
              baseline   v3   v4
segment                         
smooth/long       -8.0  1.5  1.5
smooth/short     -47.8  2.2  1.0
TOTAL            -11.9  1.5  1.5
bootstrap v4-vs-baseline [short]: {'delta': -0.1342, 'se': 0.0778, 'ci_lo': -0.2707, 'ci_hi': 0.0342}  significant=False
bootstrap v4-vs-v3       [short]: {'delta': 0.0025, 'se': 0.0048, 'ci_lo': -0.0072, 'ci_hi': 0.0113}  significant=False
bootstrap v4-vs-baseline [long]: {'delta': -0.0211, 'se': 0.018, 'ci_lo': -0.0549, 'ci_hi': 0.0156}  significant=False
bootstrap v4-vs-v3       [long]: {'delta': 0.0012, 'se': 0.0027, 'ci_lo': -0.0041, 'ci_hi': 0.0064}  significant=False
ramp cohort (n=41):
    baseline  wape=0.3468 bias=-30.7%
    v3        wape=0.2535 bias=+7.4%
    v4        wape=0.2551 bias=+6.5%
v4 feature importance (gain):
  feature          gain
ramp_4_12 463256.384239
 y_last_r 166969.724930
  lag_1_r 116522.514313
     lead  77874.972099
  is_long   5845.311806
  is_long share of total gain: 0.70%
