
==============================================================
Split(cutoff=2026-02-23, test=2026-03-02→2026-05-04, h=10)

pooled WAPE by segment (best_iter=543, clip_hi=1000000000.00):
model         LGBM_v0  baseline
segment                        
TOTAL          0.1810    0.1898
smooth/long    0.1392    0.1349
smooth/short   0.2027    0.2183

bias% by segment:
              baseline  LGBM_v0
segment                        
smooth/long       -2.6      2.4
smooth/short      -8.5     -3.9
TOTAL             -6.4     -1.7
bootstrap LGBM-vs-baseline [short]: {'delta': -0.0156, 'se': 0.0036, 'ci_lo': -0.0221, 'ci_hi': -0.0081}
bootstrap LGBM-vs-baseline [long]: {'delta': 0.0043, 'se': 0.009, 'ci_lo': -0.0142, 'ci_hi': 0.0205}
ramp cohort (n=68):
    baseline  wape=0.3261 bias=-26.5%
    LGBM_v0   wape=0.3056 bias=-22.8%
learned ratio by lead: {1: 0.9976, 2: 1.0001, 3: 1.0152, 4: 1.0277, 5: 1.0373, 6: 1.0494, 7: 1.0622, 8: 1.0858, 9: 1.1053, 10: 1.12}

==============================================================
Split(cutoff=2025-12-15, test=2025-12-22→2026-02-23, h=10)

pooled WAPE by segment (best_iter=590, clip_hi=1333333333.33):
model         LGBM_v0  baseline
segment                        
TOTAL          0.2648    0.2048
smooth/long    0.3335    0.2170
smooth/short   0.2259    0.1978

bias% by segment:
              baseline  LGBM_v0
segment                        
smooth/long       16.7     30.6
smooth/short       2.1     14.6
TOTAL              7.4     20.4
bootstrap LGBM-vs-baseline [short]: {'delta': 0.0281, 'se': 0.0096, 'ci_lo': 0.0093, 'ci_hi': 0.0465}
bootstrap LGBM-vs-baseline [long]: {'delta': 0.1165, 'se': 0.0102, 'ci_lo': 0.0933, 'ci_hi': 0.1319}
ramp cohort (n=225):
    baseline  wape=0.1771 bias=+0.3%
    LGBM_v0   wape=0.2010 bias=+12.5%
learned ratio by lead: {1: 1.0544, 2: 1.068, 3: 1.079, 4: 1.0909, 5: 1.1068, 6: 1.1286, 7: 1.1429, 8: 1.1705, 9: 1.1737, 10: 1.2033}

==============================================================
Split(cutoff=2025-10-06, test=2025-10-13→2025-12-15, h=10)

pooled WAPE by segment (best_iter=36, clip_hi=2000000000.00):
model         LGBM_v0  baseline
segment                        
TOTAL          0.1440    0.1577
smooth/long    0.1136    0.1226
smooth/short   0.4262    0.4837

bias% by segment:
              baseline  LGBM_v0
segment                        
smooth/long       -8.0      4.1
smooth/short     -47.8    -41.0
TOTAL            -11.9     -0.3
bootstrap LGBM-vs-baseline [short]: {'delta': -0.0575, 'se': 0.0049, 'ci_lo': -0.0667, 'ci_hi': -0.0471}
bootstrap LGBM-vs-baseline [long]: {'delta': -0.009, 'se': 0.0204, 'ci_lo': -0.0481, 'ci_hi': 0.0335}
ramp cohort (n=41):
    baseline  wape=0.3468 bias=-30.7%
    LGBM_v0   wape=0.2909 bias=-21.7%
learned ratio by lead: {1: 1.0634, 2: 1.0815, 3: 1.0937, 4: 1.1082, 5: 1.1253, 6: 1.1398, 7: 1.1488, 8: 1.1665, 9: 1.1698, 10: 1.1944}
