
  !! REFERENCE FIGURES ARE STALE
     printed below: measured on snapshot 2026-08-03
     running on:    snapshot 2026-08-03-onset
     They are NOT comparable to this run's numbers. Re-measure them
     (scripts/ml_10 for PROTOTYPE, ml_03 and ml_08 for ml_12's) and
     update src/ml/reference.py before reading anything into a gap.


==================================================================
Mar-May  Split(cutoff=2026-02-23, test=2026-03-02→2026-05-04, h=10)

  v3 trees=88, v9 trees=69
  prototype (the bar): short 0.2028, long 0.1437

pooled WAPE:
model         baseline      v3      v9
segment                               
TOTAL           0.1898  0.1760  0.1766
smooth/long     0.1349  0.1426  0.1452
smooth/short    0.2183  0.1934  0.1929

bias% by segment:
              baseline   v3   v9
segment                         
smooth/long       -2.6 -0.9  2.5
smooth/short      -8.5  5.7  8.2
TOTAL             -6.4  3.4  6.2
bootstrap v9-vs-v3 [short]: {'delta': -0.0005, 'se': 0.0054, 'ci_lo': -0.0114, 'ci_hi': 0.0101}  significant=False
bootstrap v9-vs-v3 [long]: {'delta': 0.0026, 'se': 0.0086, 'ci_lo': -0.0148, 'ci_hi': 0.018}  significant=False

==================================================================
Dec-Feb  Split(cutoff=2025-12-15, test=2025-12-22→2026-02-23, h=10)

  v3 trees=85, v9 trees=170
  prototype (the bar): short 0.2904, long 0.2690

pooled WAPE:
model         baseline      v3      v9
segment                               
TOTAL           0.2048  0.2406  0.2215
smooth/long     0.2170  0.2906  0.2352
smooth/short    0.1978  0.2122  0.2138

bias% by segment:
              baseline    v3    v9
segment                           
smooth/long       16.7  26.4  19.6
smooth/short       2.1   5.8   0.5
TOTAL              7.4  13.3   7.4
bootstrap v9-vs-v3 [short]: {'delta': 0.0016, 'se': 0.0066, 'ci_lo': -0.0129, 'ci_hi': 0.0136}  significant=False
bootstrap v9-vs-v3 [long]: {'delta': -0.0554, 'se': 0.0093, 'ci_lo': -0.0723, 'ci_hi': -0.036}  significant=True

==================================================================
Oct-Dec  Split(cutoff=2025-10-06, test=2025-10-13→2025-12-15, h=10)

  v3 trees=64, v9 trees=93
  prototype (the bar): short 0.4137, long 0.0918

pooled WAPE:
model         baseline      v3      v9
segment                               
TOTAL           0.1577  0.1206  0.1243
smooth/long     0.1226  0.0983  0.1004
smooth/short    0.4837  0.3281  0.3469

bias% by segment:
              baseline   v3   v9
segment                         
smooth/long       -8.0  1.5  1.5
smooth/short     -47.8 -0.5  2.2
TOTAL            -11.9  1.3  1.5
bootstrap v9-vs-v3 [short]: {'delta': 0.0188, 'se': 0.0126, 'ci_lo': -0.002, 'ci_hi': 0.0452}  significant=False
bootstrap v9-vs-v3 [long]: {'delta': 0.0021, 'se': 0.003, 'ci_lo': -0.0037, 'ci_hi': 0.0082}  significant=False
