
  !! REFERENCE FIGURES ARE STALE
     printed below: measured on snapshot 2026-08-03
     running on:    snapshot 2026-08-03-onset
     They are NOT comparable to this run's numbers. Re-measure them
     (scripts/ml_10 for PROTOTYPE, ml_03 and ml_08 for ml_12's) and
     update src/ml/reference.py before reading anything into a gap.


==================================================================
Mar-May
  prototype: short 0.2028, long 0.1437
model         baseline     v11  v13-long  v13-short
segment                                            
TOTAL           0.1898  0.1788    0.1772     0.1834
smooth/long     0.1349  0.1517    0.1470     0.1517
smooth/short    0.2183  0.1929    0.1929     0.1998
  v13-short short vs v11: +0.0069 
  v13-long  long  vs v11: -0.0047 

==================================================================
Dec-Feb
  prototype: short 0.2904, long 0.269
model         baseline     v11  v13-long  v13-short
segment                                            
TOTAL           0.2048  0.1938    0.1899     0.2061
smooth/long     0.2170  0.1586    0.1478     0.1586
smooth/short    0.1978  0.2138    0.2138     0.2331
  v13-short short vs v11: +0.0193 SIG
  v13-long  long  vs v11: -0.0108 

==================================================================
Oct-Dec
  prototype: short 0.4137, long 0.0918
model         baseline     v11  v13-long  v13-short
segment                                            
TOTAL           0.1577  0.1318    0.1292     0.1324
smooth/long     0.1226  0.1087    0.1058     0.1087
smooth/short    0.4837  0.3469    0.3469     0.3524
  v13-short short vs v11: +0.0055 
  v13-long  long  vs v11: -0.0029 
