
==============================================================
Split(cutoff=2026-02-23, test=2026-03-02→2026-05-04, h=10)

pooled WAPE by segment:
model         WA12_deseas  WA12_raw
segment                            
TOTAL              0.1779    0.1931
smooth/long        0.1349    0.1445
smooth/short       0.2002    0.2183

bias% by segment:
              WA12_raw  WA12_deseas
segment                            
smooth/long       -7.2         -2.6
smooth/short      -8.5         -5.1
TOTAL             -8.0         -4.2
bootstrap deseas-vs-raw [short]: {'delta': -0.0181, 'se': 0.0026, 'ci_lo': -0.0229, 'ci_hi': -0.0127}
bootstrap deseas-vs-raw [long]: {'delta': -0.0096, 'se': 0.0085, 'ci_lo': -0.0272, 'ci_hi': 0.006}
ramp cohort (n=68):
    raw     wape=0.3265 bias=-26.6%
    deseas  wape=0.2954 bias=-21.2%

==============================================================
Split(cutoff=2025-12-15, test=2025-12-22→2026-02-23, h=10)

pooled WAPE by segment:
model         WA12_deseas  WA12_raw
segment                            
TOTAL              0.2832    0.3383
smooth/long        0.2170    0.5861
smooth/short       0.3207    0.1978

bias% by segment:
              WA12_raw  WA12_deseas
segment                            
smooth/long       58.0         16.7
smooth/short       2.1        -26.7
TOTAL             22.4        -11.0
bootstrap deseas-vs-raw [short]: {'delta': 0.1229, 'se': 0.0176, 'ci_lo': 0.0868, 'ci_hi': 0.1557}
bootstrap deseas-vs-raw [long]: {'delta': -0.3691, 'se': 0.024, 'ci_lo': -0.4062, 'ci_hi': -0.3157}
ramp cohort (n=225):
    raw     wape=0.1822 bias=+0.8%
    deseas  wape=0.3162 bias=-27.8%

==============================================================
Split(cutoff=2025-10-06, test=2025-10-13→2025-12-15, h=10)

pooled WAPE by segment:
model         WA12_deseas  WA12_raw
segment                            
TOTAL              0.1526    0.2260
smooth/long        0.1226    0.1983
smooth/short       0.4310    0.4837

bias% by segment:
              WA12_raw  WA12_deseas
segment                            
smooth/long      -18.2         -8.0
smooth/short     -47.8        -41.6
TOTAL            -21.0        -11.3
bootstrap deseas-vs-raw [short]: {'delta': -0.0527, 'se': 0.0043, 'ci_lo': -0.0613, 'ci_hi': -0.0438}
bootstrap deseas-vs-raw [long]: {'delta': -0.0756, 'se': 0.0073, 'ci_lo': -0.0866, 'ci_hi': -0.0579}
ramp cohort (n=41):
    raw     wape=0.3664 bias=-34.8%
    deseas  wape=0.3155 bias=-27.0%
