
==============================================================
Split(cutoff=2026-02-23, test=2026-03-02→2026-05-04, h=10)

pooled WAPE (v0 iters=543, v1 iters=68):
model         baseline      v0      v1
segment                               
TOTAL           0.1898  0.1810  0.1694
smooth/long     0.1349  0.1392  0.1422
smooth/short    0.2183  0.2027  0.1835

bias% by segment:
              baseline   v0   v1
segment                         
smooth/long       -2.6  2.4  1.1
smooth/short      -8.5 -3.9 -2.1
TOTAL             -6.4 -1.7 -1.0
bootstrap v1-vs-baseline [short]: {'delta': -0.0348, 'se': 0.0058, 'ci_lo': -0.0462, 'ci_hi': -0.023}
bootstrap v1-vs-v0       [short]: {'delta': -0.0192, 'se': 0.0057, 'ci_lo': -0.0316, 'ci_hi': -0.0088}
bootstrap v1-vs-baseline [long]: {'delta': 0.0074, 'se': 0.0102, 'ci_lo': -0.0136, 'ci_hi': 0.0266}
bootstrap v1-vs-v0       [long]: {'delta': 0.0031, 'se': 0.0096, 'ci_lo': -0.0179, 'ci_hi': 0.0194}
ramp cohort (n=68):
    baseline  wape=0.3261 bias=-26.5%
    v0        wape=0.3056 bias=-22.8%
    v1        wape=0.2703 bias=-9.1%
v1 feature importance (gain):
  feature          gain
ramp_4_12 391695.018272
 y_last_r 354084.010048
  lag_1_r 220876.090302
     lead 116732.009468
learned response (rows=ramp state, cols=lead):
lead          1      5      10
ramp_4_12                     
0.6        0.850  1.000  1.190
0.8        0.866  0.825  0.866
1.0        1.050  1.090  1.138
1.2        1.054  1.087  1.160
1.5        1.212  1.103  1.343
2.0        1.806  1.806  1.913

==============================================================
Split(cutoff=2025-12-15, test=2025-12-22→2026-02-23, h=10)

pooled WAPE (v0 iters=590, v1 iters=99):
model         baseline      v0      v1
segment                               
TOTAL           0.2048  0.2648  0.3751
smooth/long     0.2170  0.3335  0.2617
smooth/short    0.1978  0.2259  0.4395

bias% by segment:
              baseline    v0    v1
segment                           
smooth/long       16.7  30.6  22.9
smooth/short       2.1  14.6  41.2
TOTAL              7.4  20.4  34.6
bootstrap v1-vs-baseline [short]: {'delta': 0.2417, 'se': 0.0218, 'ci_lo': 0.2004, 'ci_hi': 0.2847}
bootstrap v1-vs-v0       [short]: {'delta': 0.2135, 'se': 0.0177, 'ci_lo': 0.1806, 'ci_hi': 0.2486}
bootstrap v1-vs-baseline [long]: {'delta': 0.0447, 'se': 0.0115, 'ci_lo': 0.0225, 'ci_hi': 0.0673}
bootstrap v1-vs-v0       [long]: {'delta': -0.0718, 'se': 0.0123, 'ci_lo': -0.0937, 'ci_hi': -0.0471}
ramp cohort (n=225):
    baseline  wape=0.1771 bias=+0.3%
    v0        wape=0.2010 bias=+12.5%
    v1        wape=0.4301 bias=+41.0%
v1 feature importance (gain):
  feature          gain
ramp_4_12 500600.162109
 y_last_r 238375.769863
  lag_1_r 174593.361530
     lead 105542.589844
learned response (rows=ramp state, cols=lead):
lead          1      5      10
ramp_4_12                     
0.6        0.875  1.307  1.447
0.8        0.850  0.953  0.929
1.0        1.031  1.112  1.201
1.2        1.099  1.176  1.144
1.5        1.477  1.539  1.645
2.0        1.824  1.932  2.040

==============================================================
Split(cutoff=2025-10-06, test=2025-10-13→2025-12-15, h=10)

pooled WAPE (v0 iters=36, v1 iters=76):
model         baseline      v0      v1
segment                               
TOTAL           0.1577  0.1440  0.1264
smooth/long     0.1226  0.1136  0.1011
smooth/short    0.4837  0.4262  0.3615

bias% by segment:
              baseline    v0   v1
segment                          
smooth/long       -8.0   4.1  1.4
smooth/short     -47.8 -41.0 -8.7
TOTAL            -11.9  -0.3  0.4
bootstrap v1-vs-baseline [short]: {'delta': -0.1222, 'se': 0.0631, 'ci_lo': -0.2307, 'ci_hi': 0.0124}
bootstrap v1-vs-v0       [short]: {'delta': -0.0647, 'se': 0.0619, 'ci_lo': -0.1716, 'ci_hi': 0.0661}
bootstrap v1-vs-baseline [long]: {'delta': -0.0215, 'se': 0.0179, 'ci_lo': -0.0551, 'ci_hi': 0.0152}
bootstrap v1-vs-v0       [long]: {'delta': -0.0125, 'se': 0.0073, 'ci_lo': -0.0258, 'ci_hi': 0.0021}
ramp cohort (n=41):
    baseline  wape=0.3468 bias=-30.7%
    v0        wape=0.2909 bias=-21.7%
    v1        wape=0.2588 bias=+0.7%
v1 feature importance (gain):
  feature          gain
ramp_4_12 480287.985878
 y_last_r 185331.951630
  lag_1_r 136830.575058
     lead  80816.703316
learned response (rows=ramp state, cols=lead):
lead          1      5      10
ramp_4_12                     
0.6        0.898  1.094  1.248
0.8        0.926  0.985  1.053
1.0        1.050  1.178  1.196
1.2        1.062  1.150  1.249
1.5        1.466  1.547  1.613
2.0        1.914  2.097  2.148
