  Mar-May: both arms fitted and scored
  Dec-Feb: both arms fitted and scored
  Oct-Dec: both arms fitted and scored

======================================================================
pooled WAPE  (delta = v15 - v11; negative is better)
arm                      v11     v15   delta
segment      window                         
TOTAL        Dec-Feb  0.1938  0.1858 -0.0080
             Mar-May  0.1788  0.1833  0.0045
             Oct-Dec  0.1318  0.1338  0.0020
smooth/long  Dec-Feb  0.1586  0.1396 -0.0190
             Mar-May  0.1517  0.1504 -0.0013
             Oct-Dec  0.1087  0.1100  0.0013
smooth/short Dec-Feb  0.2138  0.2119 -0.0019
             Mar-May  0.1929  0.2004  0.0075
             Oct-Dec  0.3469  0.3553  0.0084

======================================================================
bootstrap of the difference, 1000 paired SKU resamples
  window    segment           delta      se               95% CI  verdict
  Mar-May   smooth/short    +0.0076  0.0051  [-0.0022, +0.0177]  tie
  Mar-May   smooth/long     -0.0013  0.0063  [-0.0137, +0.0109]  tie
  Mar-May   TOTAL           +0.0045  0.0041  [-0.0031, +0.0131]  tie
  Dec-Feb   smooth/short    -0.0018  0.0046  [-0.0106, +0.0071]  tie
  Dec-Feb   smooth/long     -0.0190  0.0139  [-0.0514, +0.0011]  tie
  Dec-Feb   TOTAL           -0.0080  0.0059  [-0.0201, +0.0031]  tie
  Oct-Dec   smooth/short    +0.0083  0.0061  [-0.0025, +0.0215]  excluded
  Oct-Dec   smooth/long     +0.0013  0.0036  [-0.0065, +0.0080]  tie
  Oct-Dec   TOTAL           +0.0020  0.0032  [-0.0042, +0.0080]  tie

======================================================================
VERDICT against the pre-registered criterion
  Adopt unless a judged cell regresses by more than 2 standard errors.

  ADOPT. No judged cell regresses beyond noise.
  Set ML_SEASONAL_BLEND = True in config.py, then re-run the
  versions still quoted (v11, structural baseline, naive) and
  the phase sweep, which is v15's secondary criterion.

wrote outputs/reports/ml_v15_seasonal_blend.csv
