
==============================================================
Split(cutoff=2026-02-23, test=2026-03-02→2026-05-04, h=10)

pooled WAPE (v2 iters=161, v3 iters=127):
model         baseline      v2      v3
segment                               
TOTAL           0.1845  0.1676  0.1743
smooth/long     0.1311  0.1470  0.1413
smooth/short    0.2141  0.1790  0.1926

bias% by segment:
              baseline   v2   v3
segment                         
smooth/long       -2.1 -0.1  1.4
smooth/short      -8.0 -2.6  8.3
TOTAL             -5.9 -1.7  5.8
bootstrap v3-vs-baseline [short]: {'delta': -0.0215, 'se': 0.011, 'ci_lo': -0.0419, 'ci_hi': 0.0002}
bootstrap v3-vs-v2       [short]: {'delta': 0.0136, 'se': 0.0088, 'ci_lo': -0.0031, 'ci_hi': 0.0305}
bootstrap v3-vs-baseline [long]: {'delta': 0.0102, 'se': 0.0084, 'ci_lo': -0.0059, 'ci_hi': 0.0259}
bootstrap v3-vs-v2       [long]: {'delta': -0.0057, 'se': 0.0044, 'ci_lo': -0.0144, 'ci_hi': 0.0029}
ramp cohort (n=47):
    baseline  wape=0.3338 bias=-27.3%
    v2        wape=0.2783 bias=-10.1%
    v3        wape=0.2861 bias=+14.6%

==============================================================
Split(cutoff=2025-12-15, test=2025-12-22→2026-02-23, h=10)

pooled WAPE (v2 iters=113, v3 iters=69):
model         baseline      v2      v3
segment                               
TOTAL           0.2016  0.3673  0.2117
smooth/long     0.2171  0.2430  0.2321
smooth/short    0.1923  0.4424  0.1994

bias% by segment:
              baseline    v2    v3
segment                           
smooth/long       16.7  20.5  19.0
smooth/short       2.1  41.8   0.4
TOTAL              7.6  33.8   7.4
bootstrap v3-vs-baseline [short]: {'delta': 0.007, 'se': 0.01, 'ci_lo': -0.0123, 'ci_hi': 0.0275}
bootstrap v3-vs-v2       [short]: {'delta': -0.243, 'se': 0.0259, 'ci_lo': -0.294, 'ci_hi': -0.1916}
bootstrap v3-vs-baseline [long]: {'delta': 0.015, 'se': 0.0089, 'ci_lo': -0.0009, 'ci_hi': 0.034}
bootstrap v3-vs-v2       [long]: {'delta': -0.0108, 'se': 0.0066, 'ci_lo': -0.023, 'ci_hi': 0.0025}
ramp cohort (n=176):
    baseline  wape=0.1714 bias=+0.4%
    v2        wape=0.4330 bias=+41.8%
    v3        wape=0.1881 bias=+0.7%

==============================================================
Split(cutoff=2025-10-06, test=2025-10-13→2025-12-15, h=10)

pooled WAPE (v2 iters=91, v3 iters=76):
model         baseline      v2      v3
segment                               
TOTAL           0.1421  0.1033  0.1030
smooth/long     0.1215  0.0931  0.0937
smooth/short    0.4605  0.2602  0.2473

bias% by segment:
              baseline   v2   v3
segment                         
smooth/long       -8.2 -0.4 -0.9
smooth/short     -46.0 -4.4  7.5
TOTAL            -10.5 -0.7 -0.4
bootstrap v3-vs-baseline [short]: {'delta': -0.2132, 'se': 0.1022, 'ci_lo': -0.3521, 'ci_hi': 0.031}
bootstrap v3-vs-v2       [short]: {'delta': -0.013, 'se': 0.0352, 'ci_lo': -0.0647, 'ci_hi': 0.0676}
bootstrap v3-vs-baseline [long]: {'delta': -0.0278, 'se': 0.0144, 'ci_lo': -0.0543, 'ci_hi': 0.0006}
bootstrap v3-vs-v2       [long]: {'delta': 0.0006, 'se': 0.0028, 'ci_lo': -0.0046, 'ci_hi': 0.006}
ramp cohort (n=21):
    baseline  wape=0.3409 bias=-30.6%
    v2        wape=0.2159 bias=-3.4%
    v3        wape=0.2093 bias=+2.6%
