/Users/dev.maccoverland.com/Documents/Time_Series_Forecasting/.venv/lib/python3.13/site-packages/lightgbm/sklearn.py:1106: LGBMDeprecationWarning: The argument 'eval_set' is deprecated, use 'eval_X' and 'eval_y' instead.
  eval_set = _validate_eval_set_Xy(eval_set=eval_set, eval_X=eval_X, eval_y=eval_y)
/Users/dev.maccoverland.com/Documents/Time_Series_Forecasting/.venv/lib/python3.13/site-packages/lightgbm/sklearn.py:1106: LGBMDeprecationWarning: The argument 'eval_set' is deprecated, use 'eval_X' and 'eval_y' instead.
  eval_set = _validate_eval_set_Xy(eval_set=eval_set, eval_X=eval_X, eval_y=eval_y)
/Users/dev.maccoverland.com/Documents/Time_Series_Forecasting/.venv/lib/python3.13/site-packages/lightgbm/sklearn.py:1106: LGBMDeprecationWarning: The argument 'eval_set' is deprecated, use 'eval_X' and 'eval_y' instead.
  eval_set = _validate_eval_set_Xy(eval_set=eval_set, eval_X=eval_X, eval_y=eval_y)
/Users/dev.maccoverland.com/Documents/Time_Series_Forecasting/.venv/lib/python3.13/site-packages/lightgbm/sklearn.py:1106: LGBMDeprecationWarning: The argument 'eval_set' is deprecated, use 'eval_X' and 'eval_y' instead.
  eval_set = _validate_eval_set_Xy(eval_set=eval_set, eval_X=eval_X, eval_y=eval_y)
/Users/dev.maccoverland.com/Documents/Time_Series_Forecasting/.venv/lib/python3.13/site-packages/lightgbm/sklearn.py:1106: LGBMDeprecationWarning: The argument 'eval_set' is deprecated, use 'eval_X' and 'eval_y' instead.
  eval_set = _validate_eval_set_Xy(eval_set=eval_set, eval_X=eval_X, eval_y=eval_y)
/Users/dev.maccoverland.com/Documents/Time_Series_Forecasting/.venv/lib/python3.13/site-packages/lightgbm/sklearn.py:1106: LGBMDeprecationWarning: The argument 'eval_set' is deprecated, use 'eval_X' and 'eval_y' instead.
  eval_set = _validate_eval_set_Xy(eval_set=eval_set, eval_X=eval_X, eval_y=eval_y)

==============================================================
Split(cutoff=2026-02-23, test=2026-03-02→2026-05-04, h=10)

pooled WAPE (v1 iters=37, v2 iters=32):
model         baseline      v1      v2
segment                               
TOTAL           0.1825  0.1668  0.1670
smooth/long     0.1313  0.1360  0.1347
smooth/short    0.2114  0.1842  0.1852

bias% by segment:
              baseline   v1   v2
segment                         
smooth/long       -2.1  1.6  1.1
smooth/short      -7.6 -2.7 -1.3
TOTAL             -5.6 -1.1 -0.5
bootstrap v2-vs-baseline [short]: {'delta': -0.0263, 'se': 0.006, 'ci_lo': -0.037, 'ci_hi': -0.0133}
bootstrap v2-vs-v1       [short]: {'delta': 0.0009, 'se': 0.0043, 'ci_lo': -0.0073, 'ci_hi': 0.0096}
bootstrap v2-vs-baseline [long]: {'delta': 0.0034, 'se': 0.0113, 'ci_lo': -0.0196, 'ci_hi': 0.025}
bootstrap v2-vs-v1       [long]: {'delta': -0.0013, 'se': 0.0042, 'ci_lo': -0.0096, 'ci_hi': 0.0071}
ramp cohort (n=40):
    baseline  wape=0.3327 bias=-27.4%
    v1        wape=0.2674 bias=-15.1%
    v2        wape=0.2869 bias=-13.8%
v2 feature importance (gain):
  feature          gain
ramp_4_12 405243.032135
 y_last_r 257239.335281
  lag_1_r 130245.620972
     lead 102467.214539

==============================================================
Split(cutoff=2025-12-15, test=2025-12-22→2026-02-23, h=10)

pooled WAPE (v1 iters=42, v2 iters=56):
model         baseline      v1      v2
segment                               
TOTAL           0.1999  0.4458  0.3698
smooth/long     0.2175  0.2576  0.2682
smooth/short    0.1893  0.5603  0.4315

bias% by segment:
              baseline    v1    v2
segment                           
smooth/long       16.7  22.6  23.6
smooth/short       1.8  54.2  40.7
TOTAL              7.4  42.3  34.2
bootstrap v2-vs-baseline [short]: {'delta': 0.2423, 'se': 0.025, 'ci_lo': 0.1926, 'ci_hi': 0.2917}
bootstrap v2-vs-v1       [short]: {'delta': -0.1288, 'se': 0.0072, 'ci_lo': -0.1419, 'ci_hi': -0.1143}
bootstrap v2-vs-baseline [long]: {'delta': 0.0507, 'se': 0.0086, 'ci_lo': 0.0331, 'ci_hi': 0.0669}
bootstrap v2-vs-v1       [long]: {'delta': 0.0105, 'se': 0.0031, 'ci_lo': 0.0048, 'ci_hi': 0.0169}
ramp cohort (n=173):
    baseline  wape=0.1706 bias=+0.4%
    v1        wape=0.5575 bias=+54.9%
    v2        wape=0.4227 bias=+40.7%
v2 feature importance (gain):
  feature          gain
ramp_4_12 489658.745682
 y_last_r 207577.667496
  lag_1_r 123103.513672
     lead 106946.119492

==============================================================
Split(cutoff=2025-10-06, test=2025-10-13→2025-12-15, h=10)

pooled WAPE (v1 iters=37, v2 iters=40):
model         baseline      v1      v2
segment                               
TOTAL           0.1408  0.1110  0.1069
smooth/long     0.1213  0.1031  0.0989
smooth/short    0.4755  0.2473  0.2445

bias% by segment:
              baseline   v1    v2
segment                          
smooth/long       -8.2  1.7   1.4
smooth/short     -47.6 -9.5 -10.1
TOTAL            -10.4  1.1   0.7
bootstrap v2-vs-baseline [short]: {'delta': -0.231, 'se': 0.0553, 'ci_lo': -0.3041, 'ci_hi': -0.0948}
bootstrap v2-vs-v1       [short]: {'delta': -0.0028, 'se': 0.0066, 'ci_lo': -0.0148, 'ci_hi': 0.0109}
bootstrap v2-vs-baseline [long]: {'delta': -0.0225, 'se': 0.0176, 'ci_lo': -0.0548, 'ci_hi': 0.0146}
bootstrap v2-vs-v1       [long]: {'delta': -0.0042, 'se': 0.0014, 'ci_lo': -0.0071, 'ci_hi': -0.0017}
ramp cohort (n=18):
    baseline  wape=0.3413 bias=-30.4%
    v1        wape=0.2124 bias=-5.8%
    v2        wape=0.2052 bias=-5.7%
v2 feature importance (gain):
  feature          gain
ramp_4_12 437342.876144
 y_last_r 123021.758652
  lag_1_r  83507.093925
     lead  65073.483788
