
==============================================================
Split(cutoff=2026-02-23, test=2026-03-02→2026-05-04, h=10)

pooled WAPE by segment:
model         WA12_deseas  WA12_raw
segment                            
TOTAL              0.1706    0.1859
smooth/long        0.1313    0.1407
smooth/short       0.1928    0.2114

bias% by segment:
              WA12_raw  WA12_deseas
segment                            
smooth/long       -6.7         -2.1
smooth/short      -7.6         -4.3
TOTAL             -7.3         -3.5
bootstrap deseas-vs-raw [short]: {'delta': -0.0186, 'se': 0.0027, 'ci_lo': -0.0233, 'ci_hi': -0.0126}
bootstrap deseas-vs-raw [long]: {'delta': -0.0094, 'se': 0.0086, 'ci_lo': -0.0264, 'ci_hi': 0.0065}
ramp cohort (n=40):
    raw     wape=0.3327 bias=-27.5%
    deseas  wape=0.3017 bias=-22.3%

==============================================================
Split(cutoff=2025-12-15, test=2025-12-22→2026-02-23, h=10)

pooled WAPE by segment:
model         WA12_deseas  WA12_raw
segment                            
TOTAL              0.2815    0.3396
smooth/long        0.2175    0.5868
smooth/short       0.3204    0.1893

bias% by segment:
              WA12_raw  WA12_deseas
segment                            
smooth/long       58.1         16.7
smooth/short       1.8        -27.0
TOTAL             23.1        -10.4
bootstrap deseas-vs-raw [short]: {'delta': 0.1311, 'se': 0.0195, 'ci_lo': 0.09, 'ci_hi': 0.1665}
bootstrap deseas-vs-raw [long]: {'delta': -0.3693, 'se': 0.0244, 'ci_lo': -0.4061, 'ci_hi': -0.3132}
ramp cohort (n=173):
    raw     wape=0.1754 bias=+0.9%
    deseas  wape=0.3143 bias=-27.7%

==============================================================
Split(cutoff=2025-10-06, test=2025-10-13→2025-12-15, h=10)

pooled WAPE by segment:
model         WA12_deseas  WA12_raw
segment                            
TOTAL              0.1374    0.2134
smooth/long        0.1213    0.1982
smooth/short       0.4137    0.4755

bias% by segment:
              WA12_raw  WA12_deseas
segment                            
smooth/long      -18.3         -8.2
smooth/short     -47.6        -41.4
TOTAL            -19.9        -10.0
bootstrap deseas-vs-raw [short]: {'delta': -0.0618, 'se': 0.0054, 'ci_lo': -0.0738, 'ci_hi': -0.0542}
bootstrap deseas-vs-raw [long]: {'delta': -0.0769, 'se': 0.0071, 'ci_lo': -0.0877, 'ci_hi': -0.0595}
ramp cohort (n=18):
    raw     wape=0.3690 bias=-35.4%
    deseas  wape=0.3131 bias=-27.6%
