
==================================================================
Mar-May  Split(cutoff=2026-02-23, test=2026-03-02→2026-05-04, h=10)
Dropped    : last 0 weeks (noisy tail, pending orders)
Test set   : 2026-03-02 → 2026-05-04 (10 weeks, 2,660 rows)
Train data : up to 2026-02-23 (88 weeks)

  smooth/medium: 56 SKUs | n_windows=3 | ['AutoARIMA', 'AutoETS', 'AutoTheta', 'WindowAverage', 'HistoricAverage'] [deseasonalized]
    → 1,680 rows in 4.4s

CV results  : cv_results.parquet  (1,680 rows, 56 SKUs)
Test set    : test_set.parquet  (2,660 rows, 10 weeks)
Short-hist  : 222 SKUs — no CV, selector.py assigns defaults
Computing CV metrics (horizon-aggregate)...
Computing ensemble metrics...
Selecting best model per SKU...

Saved: cv_metrics.csv  (336 rows)
Saved: selection.csv   (278 SKUs)

Model selection breakdown:
bucket  model                                 
smooth  AutoARIMA                                   8
        AutoETS                                    16
        AutoTheta                                   5
        Ensemble:AutoARIMA+AutoETS                  3
        Ensemble:AutoARIMA+HistoricAverage          1
        Ensemble:AutoARIMA+WindowAverage            1
        Ensemble:AutoETS+AutoTheta                  1
        Ensemble:AutoETS+HistoricAverage            2
        Ensemble:AutoETS+WindowAverage              2
        Ensemble:AutoTheta+HistoricAverage          1
        Ensemble:HistoricAverage+WindowAverage      2
        HistoricAverage                             6
        WindowAverage                             218

Median horizon metrics by bucket (medium/full SKUs only):
        HorizonWAPE  HorizonBias  HorizonMAE
bucket                                      
smooth        0.124        0.016      15.678

Low-confidence SKUs (manual restocking review recommended): 212
  smooth/medium: 56 SKUs  (4.6s)
  smooth/short: 210 SKUs  (3.5s)

pooled WAPE (266 SKUs forecast by the prototype):
model         prototype  v-base
segment                        
TOTAL            0.1815  0.1825
smooth/long      0.1437  0.1313
smooth/short     0.2028  0.2114

bias% by segment:
              prototype  v-base
segment                        
smooth/long        -1.9    -2.1
smooth/short       -7.6    -7.6
TOTAL              -5.6    -5.6

==================================================================
Dec-Feb  Split(cutoff=2025-12-15, test=2025-12-22→2026-02-23, h=10)
Dropped    : last 0 weeks (noisy tail, pending orders)
Test set   : 2025-12-22 → 2026-02-23 (10 weeks, 2,510 rows)
Train data : up to 2025-12-15 (78 weeks)

  smooth/medium: 53 SKUs | n_windows=3 | ['AutoARIMA', 'AutoETS', 'AutoTheta', 'WindowAverage', 'HistoricAverage'] [deseasonalized]
    → 1,590 rows in 4.3s

CV results  : cv_results.parquet  (1,590 rows, 53 SKUs)
Test set    : test_set.parquet  (2,510 rows, 10 weeks)
Short-hist  : 210 SKUs — no CV, selector.py assigns defaults
Computing CV metrics (horizon-aggregate)...
Computing ensemble metrics...
Selecting best model per SKU...

Saved: cv_metrics.csv  (318 rows)
Saved: selection.csv   (263 SKUs)

Model selection breakdown:
bucket  model                                 
smooth  AutoARIMA                                   5
        AutoETS                                     9
        AutoTheta                                   3
        Ensemble:AutoARIMA+AutoETS                  2
        Ensemble:AutoARIMA+AutoTheta                1
        Ensemble:AutoARIMA+HistoricAverage          2
        Ensemble:AutoARIMA+WindowAverage            4
        Ensemble:AutoETS+AutoTheta                  2
        Ensemble:AutoETS+HistoricAverage            1
        Ensemble:AutoETS+WindowAverage              4
        Ensemble:AutoTheta+HistoricAverage          1
        Ensemble:AutoTheta+WindowAverage            6
        Ensemble:HistoricAverage+WindowAverage      2
        HistoricAverage                             1
        WindowAverage                             208

Median horizon metrics by bucket (medium/full SKUs only):
        HorizonWAPE  HorizonBias  HorizonMAE
bucket                                      
smooth         0.11       -0.002      15.269

Low-confidence SKUs (manual restocking review recommended): 198
  smooth/medium: 53 SKUs  (4.4s)
  smooth/short: 198 SKUs  (3.5s)

pooled WAPE (251 SKUs forecast by the prototype):
model         prototype  v-base
segment                        
TOTAL            0.2823  0.1999
smooth/long      0.2690  0.2175
smooth/short     0.2904  0.1893

bias% by segment:
              prototype  v-base
segment                        
smooth/long        21.7    16.7
smooth/short      -22.3     1.8
TOTAL              -5.7     7.4

==================================================================
Oct-Dec  Split(cutoff=2025-10-06, test=2025-10-13→2025-12-15, h=10)
Dropped    : last 0 weeks (noisy tail, pending orders)
Test set   : 2025-10-13 → 2025-12-15 (10 weeks, 660 rows)
Train data : up to 2025-10-06 (68 weeks)

  smooth/medium: 53 SKUs | n_windows=3 | ['AutoARIMA', 'AutoETS', 'AutoTheta', 'WindowAverage', 'HistoricAverage'] [deseasonalized]
    → 1,590 rows in 4.4s

CV results  : cv_results.parquet  (1,590 rows, 53 SKUs)
Test set    : test_set.parquet  (660 rows, 10 weeks)
Short-hist  : 13 SKUs — no CV, selector.py assigns defaults
Computing CV metrics (horizon-aggregate)...
Computing ensemble metrics...
Selecting best model per SKU...

Saved: cv_metrics.csv  (318 rows)
Saved: selection.csv   (66 SKUs)

Model selection breakdown:
bucket  model                                 
smooth  AutoARIMA                                  7
        AutoETS                                   10
        AutoTheta                                  5
        Ensemble:AutoARIMA+AutoTheta               1
        Ensemble:AutoARIMA+WindowAverage           4
        Ensemble:AutoETS+AutoTheta                 2
        Ensemble:AutoETS+HistoricAverage           1
        Ensemble:AutoETS+WindowAverage             4
        Ensemble:AutoTheta+WindowAverage           1
        Ensemble:HistoricAverage+WindowAverage     1
        WindowAverage                             30

Median horizon metrics by bucket (medium/full SKUs only):
        HorizonWAPE  HorizonBias  HorizonMAE
bucket                                      
smooth        0.116       -0.023      14.261

Low-confidence SKUs (manual restocking review recommended): 13
  smooth/medium: 53 SKUs  (4.5s)
  smooth/short: 13 SKUs  (3.6s)

pooled WAPE (66 SKUs forecast by the prototype):
model         prototype  v-base
segment                        
TOTAL            0.1095  0.1408
smooth/long      0.0918  0.1213
smooth/short     0.4137  0.4755

bias% by segment:
              prototype  v-base
segment                        
smooth/long        -1.7    -8.2
smooth/short      -41.4   -47.6
TOTAL              -3.8   -10.4
