/Users/dev.maccoverland.com/Documents/Time_Series_Forecasting/.venv/lib/python3.13/site-packages/lightgbm/sklearn.py:1106: LGBMDeprecationWarning: The argument 'eval_set' is deprecated, use 'eval_X' and 'eval_y' instead.
  eval_set = _validate_eval_set_Xy(eval_set=eval_set, eval_X=eval_X, eval_y=eval_y)
/Users/dev.maccoverland.com/Documents/Time_Series_Forecasting/.venv/lib/python3.13/site-packages/lightgbm/sklearn.py:1106: LGBMDeprecationWarning: The argument 'eval_set' is deprecated, use 'eval_X' and 'eval_y' instead.
  eval_set = _validate_eval_set_Xy(eval_set=eval_set, eval_X=eval_X, eval_y=eval_y)
/Users/dev.maccoverland.com/Documents/Time_Series_Forecasting/.venv/lib/python3.13/site-packages/lightgbm/sklearn.py:1106: LGBMDeprecationWarning: The argument 'eval_set' is deprecated, use 'eval_X' and 'eval_y' instead.
  eval_set = _validate_eval_set_Xy(eval_set=eval_set, eval_X=eval_X, eval_y=eval_y)
/Users/dev.maccoverland.com/Documents/Time_Series_Forecasting/.venv/lib/python3.13/site-packages/lightgbm/sklearn.py:1106: LGBMDeprecationWarning: The argument 'eval_set' is deprecated, use 'eval_X' and 'eval_y' instead.
  eval_set = _validate_eval_set_Xy(eval_set=eval_set, eval_X=eval_X, eval_y=eval_y)
/Users/dev.maccoverland.com/Documents/Time_Series_Forecasting/.venv/lib/python3.13/site-packages/lightgbm/sklearn.py:1106: LGBMDeprecationWarning: The argument 'eval_set' is deprecated, use 'eval_X' and 'eval_y' instead.
  eval_set = _validate_eval_set_Xy(eval_set=eval_set, eval_X=eval_X, eval_y=eval_y)
/Users/dev.maccoverland.com/Documents/Time_Series_Forecasting/.venv/lib/python3.13/site-packages/lightgbm/sklearn.py:1106: LGBMDeprecationWarning: The argument 'eval_set' is deprecated, use 'eval_X' and 'eval_y' instead.
  eval_set = _validate_eval_set_Xy(eval_set=eval_set, eval_X=eval_X, eval_y=eval_y)
/Users/dev.maccoverland.com/Documents/Time_Series_Forecasting/.venv/lib/python3.13/site-packages/lightgbm/sklearn.py:1106: LGBMDeprecationWarning: The argument 'eval_set' is deprecated, use 'eval_X' and 'eval_y' instead.
  eval_set = _validate_eval_set_Xy(eval_set=eval_set, eval_X=eval_X, eval_y=eval_y)
/Users/dev.maccoverland.com/Documents/Time_Series_Forecasting/.venv/lib/python3.13/site-packages/lightgbm/sklearn.py:1106: LGBMDeprecationWarning: The argument 'eval_set' is deprecated, use 'eval_X' and 'eval_y' instead.
  eval_set = _validate_eval_set_Xy(eval_set=eval_set, eval_X=eval_X, eval_y=eval_y)
/Users/dev.maccoverland.com/Documents/Time_Series_Forecasting/.venv/lib/python3.13/site-packages/lightgbm/sklearn.py:1106: LGBMDeprecationWarning: The argument 'eval_set' is deprecated, use 'eval_X' and 'eval_y' instead.
  eval_set = _validate_eval_set_Xy(eval_set=eval_set, eval_X=eval_X, eval_y=eval_y)

  !! REFERENCE FIGURES ARE STALE
     printed below: measured on snapshot 2026-07-20
     running on:    snapshot 2026-08-03
     They are NOT comparable to this run's numbers. Re-measure them
     (scripts/ml_10 for PROTOTYPE, ml_03 and ml_08 for ml_12's) and
     update src/ml/reference.py before reading anything into a gap.


==================================================================
Mar-May  Split(cutoff=2026-02-23, test=2026-03-02→2026-05-04, h=10)

  long model : 43,560 rows, 7 val SKUs, 53 trees
  short model: 37,510 rows, 35 val SKUs, 84 trees
  prototype (the bar): short 0.2014, long 0.1411

pooled WAPE:
model         baseline      v3      v8
segment                               
TOTAL           0.1825  0.1705  0.2405
smooth/long     0.1313  0.1431  0.1418
smooth/short    0.2114  0.1859  0.2961

bias% by segment:
              baseline   v3    v8
segment                          
smooth/long       -2.1  2.5  -1.0
smooth/short      -7.6  8.0  25.4
TOTAL             -5.6  6.0  15.9
bootstrap v8-vs-v3 [short]: {'delta': 0.1102, 'se': 0.0171, 'ci_lo': 0.0757, 'ci_hi': 0.1419}  significant=True
bootstrap v8-vs-v3 [long]: {'delta': -0.0013, 'se': 0.0091, 'ci_lo': -0.0177, 'ci_hi': 0.018}  significant=False

==================================================================
Dec-Feb  Split(cutoff=2025-12-15, test=2025-12-22→2026-02-23, h=10)

  long model : 36,835 rows, 6 val SKUs, 46 trees
  short model: 17,753 rows, 33 val SKUs, 40 trees
  prototype (the bar): short 0.2863, long 0.2737

pooled WAPE:
model         baseline      v3      v8
segment                               
TOTAL           0.1999  0.2157  0.1898
smooth/long     0.2175  0.2365  0.1726
smooth/short    0.1893  0.2030  0.2003

bias% by segment:
              baseline    v3    v8
segment                           
smooth/long       16.7  20.0  12.3
smooth/short       1.8  -0.3   9.6
TOTAL              7.4   7.4  10.6
bootstrap v8-vs-v3 [short]: {'delta': -0.0027, 'se': 0.0116, 'ci_lo': -0.0247, 'ci_hi': 0.0196}  significant=False
bootstrap v8-vs-v3 [long]: {'delta': -0.0639, 'se': 0.0165, 'ci_lo': -0.096, 'ci_hi': -0.0296}  significant=True

==================================================================
Oct-Dec  Split(cutoff=2025-10-06, test=2025-10-13→2025-12-15, h=10)

  long model : 31,535 rows, 6 val SKUs, 46 trees
  short model: 2,942 rows, 33 val SKUs, 14 trees
  prototype (the bar): short 0.4251, long 0.0911

pooled WAPE:
model         baseline      v3      v8
segment                               
TOTAL           0.1408  0.1071  0.1070
smooth/long     0.1213  0.0995  0.0962
smooth/short    0.4755  0.2376  0.2923

bias% by segment:
              baseline   v3    v8
segment                          
smooth/long       -8.2  1.4   1.5
smooth/short     -47.6  1.0 -24.7
TOTAL            -10.4  1.4   0.0
bootstrap v8-vs-v3 [short]: {'delta': 0.0547, 'se': 0.0787, 'ci_lo': -0.1371, 'ci_hi': 0.1667}  significant=False
bootstrap v8-vs-v3 [long]: {'delta': -0.0033, 'se': 0.0032, 'ci_lo': -0.0096, 'ci_hi': 0.0029}  significant=False
