/Users/dev.maccoverland.com/Documents/Time_Series_Forecasting/.venv/lib/python3.13/site-packages/lightgbm/sklearn.py:1106: LGBMDeprecationWarning: The argument 'eval_set' is deprecated, use 'eval_X' and 'eval_y' instead.
  eval_set = _validate_eval_set_Xy(eval_set=eval_set, eval_X=eval_X, eval_y=eval_y)
/Users/dev.maccoverland.com/Documents/Time_Series_Forecasting/.venv/lib/python3.13/site-packages/lightgbm/sklearn.py:1106: LGBMDeprecationWarning: The argument 'eval_set' is deprecated, use 'eval_X' and 'eval_y' instead.
  eval_set = _validate_eval_set_Xy(eval_set=eval_set, eval_X=eval_X, eval_y=eval_y)
/Users/dev.maccoverland.com/Documents/Time_Series_Forecasting/.venv/lib/python3.13/site-packages/lightgbm/sklearn.py:1106: LGBMDeprecationWarning: The argument 'eval_set' is deprecated, use 'eval_X' and 'eval_y' instead.
  eval_set = _validate_eval_set_Xy(eval_set=eval_set, eval_X=eval_X, eval_y=eval_y)
/Users/dev.maccoverland.com/Documents/Time_Series_Forecasting/.venv/lib/python3.13/site-packages/lightgbm/sklearn.py:1106: LGBMDeprecationWarning: The argument 'eval_set' is deprecated, use 'eval_X' and 'eval_y' instead.
  eval_set = _validate_eval_set_Xy(eval_set=eval_set, eval_X=eval_X, eval_y=eval_y)
/Users/dev.maccoverland.com/Documents/Time_Series_Forecasting/.venv/lib/python3.13/site-packages/lightgbm/sklearn.py:1106: LGBMDeprecationWarning: The argument 'eval_set' is deprecated, use 'eval_X' and 'eval_y' instead.
  eval_set = _validate_eval_set_Xy(eval_set=eval_set, eval_X=eval_X, eval_y=eval_y)
/Users/dev.maccoverland.com/Documents/Time_Series_Forecasting/.venv/lib/python3.13/site-packages/lightgbm/sklearn.py:1106: LGBMDeprecationWarning: The argument 'eval_set' is deprecated, use 'eval_X' and 'eval_y' instead.
  eval_set = _validate_eval_set_Xy(eval_set=eval_set, eval_X=eval_X, eval_y=eval_y)

  !! REFERENCE FIGURES ARE STALE
     printed below: measured on snapshot 2026-07-20
     running on:    snapshot 2026-08-03
     They are NOT comparable to this run's numbers. Re-measure them
     (scripts/ml_10 for PROTOTYPE, ml_03 and ml_08 for ml_12's) and
     update src/ml/reference.py before reading anything into a gap.


==================================================================
Mar-May  Split(cutoff=2026-02-23, test=2026-03-02→2026-05-04, h=10)

  long model: 43,560 rows, 9 val SKUs, 66 trees
  prototype: short 0.2014, long 0.1411
model         baseline     v11      v9
segment                               
TOTAL           0.1825  0.1671  0.1705
smooth/long     0.1313  0.1337  0.1431
smooth/short    0.2114  0.1859  0.1859

bias% by segment:
              baseline   v9  v11
segment                         
smooth/long       -2.1  2.5 -6.5
smooth/short      -7.6  8.0  8.0
TOTAL             -5.6  6.0  2.8
  short: v11-vs-v9 +0.0000       v11-vs-vbase -0.0255 SIG
  long : v11-vs-v9 -0.0094       v11-vs-vbase +0.0024 

==================================================================
Dec-Feb  Split(cutoff=2025-12-15, test=2025-12-22→2026-02-23, h=10)

  long model: 36,835 rows, 9 val SKUs, 81 trees
  prototype: short 0.2863, long 0.2737
model         baseline     v11      v9
segment                               
TOTAL           0.1999  0.1810  0.2157
smooth/long     0.2175  0.1447  0.2365
smooth/short    0.1893  0.2030  0.2030

bias% by segment:
              baseline    v9  v11
segment                          
smooth/long       16.7  20.0  4.5
smooth/short       1.8  -0.3 -0.3
TOTAL              7.4   7.4  1.5
  short: v11-vs-v9 +0.0000       v11-vs-vbase +0.0137 
  long : v11-vs-v9 -0.0918 SIG   v11-vs-vbase -0.0727 SIG

==================================================================
Oct-Dec  Split(cutoff=2025-10-06, test=2025-10-13→2025-12-15, h=10)

  long model: 31,535 rows, 9 val SKUs, 59 trees
  prototype: short 0.4251, long 0.0911
model         baseline     v11      v9
segment                               
TOTAL           0.1408  0.1077  0.1071
smooth/long     0.1213  0.1001  0.0995
smooth/short    0.4755  0.2376  0.2376

bias% by segment:
              baseline   v9  v11
segment                         
smooth/long       -8.2  1.4  1.0
smooth/short     -47.6  1.0  1.0
TOTAL            -10.4  1.4  1.0
  short: v11-vs-v9 +0.0000       v11-vs-vbase -0.2379 SIG
  long : v11-vs-v9 +0.0006       v11-vs-vbase -0.0212 
