/Users/dev.maccoverland.com/Documents/Time_Series_Forecasting/.venv/lib/python3.13/site-packages/lightgbm/sklearn.py:1106: LGBMDeprecationWarning: The argument 'eval_set' is deprecated, use 'eval_X' and 'eval_y' instead.
  eval_set = _validate_eval_set_Xy(eval_set=eval_set, eval_X=eval_X, eval_y=eval_y)
/Users/dev.maccoverland.com/Documents/Time_Series_Forecasting/.venv/lib/python3.13/site-packages/lightgbm/sklearn.py:1106: LGBMDeprecationWarning: The argument 'eval_set' is deprecated, use 'eval_X' and 'eval_y' instead.
  eval_set = _validate_eval_set_Xy(eval_set=eval_set, eval_X=eval_X, eval_y=eval_y)
/Users/dev.maccoverland.com/Documents/Time_Series_Forecasting/.venv/lib/python3.13/site-packages/lightgbm/sklearn.py:1106: LGBMDeprecationWarning: The argument 'eval_set' is deprecated, use 'eval_X' and 'eval_y' instead.
  eval_set = _validate_eval_set_Xy(eval_set=eval_set, eval_X=eval_X, eval_y=eval_y)
/Users/dev.maccoverland.com/Documents/Time_Series_Forecasting/.venv/lib/python3.13/site-packages/lightgbm/sklearn.py:1106: LGBMDeprecationWarning: The argument 'eval_set' is deprecated, use 'eval_X' and 'eval_y' instead.
  eval_set = _validate_eval_set_Xy(eval_set=eval_set, eval_X=eval_X, eval_y=eval_y)
/Users/dev.maccoverland.com/Documents/Time_Series_Forecasting/.venv/lib/python3.13/site-packages/lightgbm/sklearn.py:1106: LGBMDeprecationWarning: The argument 'eval_set' is deprecated, use 'eval_X' and 'eval_y' instead.
  eval_set = _validate_eval_set_Xy(eval_set=eval_set, eval_X=eval_X, eval_y=eval_y)
/Users/dev.maccoverland.com/Documents/Time_Series_Forecasting/.venv/lib/python3.13/site-packages/lightgbm/sklearn.py:1106: LGBMDeprecationWarning: The argument 'eval_set' is deprecated, use 'eval_X' and 'eval_y' instead.
  eval_set = _validate_eval_set_Xy(eval_set=eval_set, eval_X=eval_X, eval_y=eval_y)
/Users/dev.maccoverland.com/Documents/Time_Series_Forecasting/.venv/lib/python3.13/site-packages/lightgbm/sklearn.py:1106: LGBMDeprecationWarning: The argument 'eval_set' is deprecated, use 'eval_X' and 'eval_y' instead.
  eval_set = _validate_eval_set_Xy(eval_set=eval_set, eval_X=eval_X, eval_y=eval_y)
/Users/dev.maccoverland.com/Documents/Time_Series_Forecasting/.venv/lib/python3.13/site-packages/lightgbm/sklearn.py:1106: LGBMDeprecationWarning: The argument 'eval_set' is deprecated, use 'eval_X' and 'eval_y' instead.
  eval_set = _validate_eval_set_Xy(eval_set=eval_set, eval_X=eval_X, eval_y=eval_y)
/Users/dev.maccoverland.com/Documents/Time_Series_Forecasting/.venv/lib/python3.13/site-packages/lightgbm/sklearn.py:1106: LGBMDeprecationWarning: The argument 'eval_set' is deprecated, use 'eval_X' and 'eval_y' instead.
  eval_set = _validate_eval_set_Xy(eval_set=eval_set, eval_X=eval_X, eval_y=eval_y)
/Users/dev.maccoverland.com/Documents/Time_Series_Forecasting/.venv/lib/python3.13/site-packages/lightgbm/sklearn.py:1106: LGBMDeprecationWarning: The argument 'eval_set' is deprecated, use 'eval_X' and 'eval_y' instead.
  eval_set = _validate_eval_set_Xy(eval_set=eval_set, eval_X=eval_X, eval_y=eval_y)
/Users/dev.maccoverland.com/Documents/Time_Series_Forecasting/.venv/lib/python3.13/site-packages/lightgbm/sklearn.py:1106: LGBMDeprecationWarning: The argument 'eval_set' is deprecated, use 'eval_X' and 'eval_y' instead.
  eval_set = _validate_eval_set_Xy(eval_set=eval_set, eval_X=eval_X, eval_y=eval_y)
/Users/dev.maccoverland.com/Documents/Time_Series_Forecasting/.venv/lib/python3.13/site-packages/lightgbm/sklearn.py:1106: LGBMDeprecationWarning: The argument 'eval_set' is deprecated, use 'eval_X' and 'eval_y' instead.
  eval_set = _validate_eval_set_Xy(eval_set=eval_set, eval_X=eval_X, eval_y=eval_y)
  Mar-May: both arms fitted and scored
  Dec-Feb: both arms fitted and scored
  Oct-Dec: both arms fitted and scored

======================================================================
pooled WAPE  (delta = v15 - v11; negative is better)
arm                      v11     v15   delta
segment      window                         
TOTAL        Dec-Feb  0.1810  0.1926  0.0116
             Mar-May  0.1671  0.1699  0.0028
             Oct-Dec  0.1077  0.1094  0.0017
smooth/long  Dec-Feb  0.1447  0.1647  0.0200
             Mar-May  0.1337  0.1392  0.0055
             Oct-Dec  0.1001  0.1017  0.0016
smooth/short Dec-Feb  0.2030  0.2096  0.0066
             Mar-May  0.1859  0.1872  0.0013
             Oct-Dec  0.2376  0.2425  0.0049

======================================================================
bootstrap of the difference, 1000 paired SKU resamples
  window    segment           delta      se               95% CI  verdict
  Mar-May   smooth/short    +0.0013  0.0030  [-0.0046, +0.0072]  tie
  Mar-May   smooth/long     +0.0056  0.0075  [-0.0096, +0.0201]  tie
  Mar-May   TOTAL           +0.0029  0.0034  [-0.0037, +0.0095]  tie
  Dec-Feb   smooth/short    +0.0066  0.0039  [-0.0009, +0.0141]  tie
  Dec-Feb   smooth/long     +0.0199  0.0071  [+0.0051, +0.0322]  REGRESSION
  Dec-Feb   TOTAL           +0.0117  0.0039  [+0.0042, +0.0191]  REGRESSION
  Oct-Dec   smooth/short    +0.0049  0.0229  [-0.0269, +0.0623]  excluded
  Oct-Dec   smooth/long     +0.0016  0.0028  [-0.0045, +0.0067]  tie
  Oct-Dec   TOTAL           +0.0017  0.0030  [-0.0041, +0.0077]  tie

======================================================================
VERDICT against the pre-registered criterion
  Adopt unless a judged cell regresses by more than 2 standard errors.

  REJECT. TOTAL in Dec-Feb regresses +0.0117 against 0.0078.
  Leave ML_SEASONAL_BLEND = False and record the result.

wrote outputs/reports/ml_v15_seasonal_blend.csv
