/Users/dev.maccoverland.com/Documents/Time_Series_Forecasting/.venv/lib/python3.13/site-packages/lightgbm/sklearn.py:1106: LGBMDeprecationWarning: The argument 'eval_set' is deprecated, use 'eval_X' and 'eval_y' instead.
  eval_set = _validate_eval_set_Xy(eval_set=eval_set, eval_X=eval_X, eval_y=eval_y)
/Users/dev.maccoverland.com/Documents/Time_Series_Forecasting/.venv/lib/python3.13/site-packages/lightgbm/sklearn.py:1106: LGBMDeprecationWarning: The argument 'eval_set' is deprecated, use 'eval_X' and 'eval_y' instead.
  eval_set = _validate_eval_set_Xy(eval_set=eval_set, eval_X=eval_X, eval_y=eval_y)
/Users/dev.maccoverland.com/Documents/Time_Series_Forecasting/.venv/lib/python3.13/site-packages/lightgbm/sklearn.py:1106: LGBMDeprecationWarning: The argument 'eval_set' is deprecated, use 'eval_X' and 'eval_y' instead.
  eval_set = _validate_eval_set_Xy(eval_set=eval_set, eval_X=eval_X, eval_y=eval_y)
/Users/dev.maccoverland.com/Documents/Time_Series_Forecasting/.venv/lib/python3.13/site-packages/lightgbm/sklearn.py:1106: LGBMDeprecationWarning: The argument 'eval_set' is deprecated, use 'eval_X' and 'eval_y' instead.
  eval_set = _validate_eval_set_Xy(eval_set=eval_set, eval_X=eval_X, eval_y=eval_y)
/Users/dev.maccoverland.com/Documents/Time_Series_Forecasting/.venv/lib/python3.13/site-packages/lightgbm/sklearn.py:1106: LGBMDeprecationWarning: The argument 'eval_set' is deprecated, use 'eval_X' and 'eval_y' instead.
  eval_set = _validate_eval_set_Xy(eval_set=eval_set, eval_X=eval_X, eval_y=eval_y)
/Users/dev.maccoverland.com/Documents/Time_Series_Forecasting/.venv/lib/python3.13/site-packages/lightgbm/sklearn.py:1106: LGBMDeprecationWarning: The argument 'eval_set' is deprecated, use 'eval_X' and 'eval_y' instead.
  eval_set = _validate_eval_set_Xy(eval_set=eval_set, eval_X=eval_X, eval_y=eval_y)
/Users/dev.maccoverland.com/Documents/Time_Series_Forecasting/.venv/lib/python3.13/site-packages/lightgbm/sklearn.py:1106: LGBMDeprecationWarning: The argument 'eval_set' is deprecated, use 'eval_X' and 'eval_y' instead.
  eval_set = _validate_eval_set_Xy(eval_set=eval_set, eval_X=eval_X, eval_y=eval_y)
/Users/dev.maccoverland.com/Documents/Time_Series_Forecasting/.venv/lib/python3.13/site-packages/lightgbm/sklearn.py:1106: LGBMDeprecationWarning: The argument 'eval_set' is deprecated, use 'eval_X' and 'eval_y' instead.
  eval_set = _validate_eval_set_Xy(eval_set=eval_set, eval_X=eval_X, eval_y=eval_y)
/Users/dev.maccoverland.com/Documents/Time_Series_Forecasting/.venv/lib/python3.13/site-packages/lightgbm/sklearn.py:1106: LGBMDeprecationWarning: The argument 'eval_set' is deprecated, use 'eval_X' and 'eval_y' instead.
  eval_set = _validate_eval_set_Xy(eval_set=eval_set, eval_X=eval_X, eval_y=eval_y)

  !! REFERENCE FIGURES ARE STALE
     printed below: measured on snapshot 2026-07-20
     running on:    snapshot 2026-08-03
     They are NOT comparable to this run's numbers. Re-measure them
     (scripts/ml_10 for PROTOTYPE, ml_03 and ml_08 for ml_12's) and
     update src/ml/reference.py before reading anything into a gap.


==================================================================
Mar-May
  prototype: short 0.2014, long 0.1411
model         baseline     v11     v12
segment                               
TOTAL           0.1825  0.1671  0.4639
smooth/long     0.1313  0.1337  0.1337
smooth/short    0.2114  0.1859  0.6502

bias% by segment:
              baseline  v11   v12
segment                          
smooth/long       -2.1 -6.5  -6.5
smooth/short      -7.6  8.0  62.9
TOTAL             -5.6  2.8  37.9
  short: v12-vs-v11 +0.4643 SIG
  long : v12-vs-v11 +0.0000 

==================================================================
Dec-Feb
  prototype: short 0.2863, long 0.2737
model         baseline     v11     v12
segment                               
TOTAL           0.1999  0.1810  0.2135
smooth/long     0.2175  0.1447  0.1447
smooth/short    0.1893  0.2030  0.2554

bias% by segment:
              baseline  v11   v12
segment                          
smooth/long       16.7  4.5   4.5
smooth/short       1.8 -0.3 -13.6
TOTAL              7.4  1.5  -6.7
  short: v12-vs-v11 +0.0524 SIG
  long : v12-vs-v11 +0.0000 

==================================================================
Oct-Dec
  prototype: short 0.4251, long 0.0911
model         baseline     v11     v12
segment                               
TOTAL           0.1408  0.1077  0.1056
smooth/long     0.1213  0.1001  0.1001
smooth/short    0.4755  0.2376  0.1994

bias% by segment:
              baseline  v11  v12
segment                         
smooth/long       -8.2  1.0  1.0
smooth/short     -47.6  1.0 -5.3
TOTAL            -10.4  1.0  0.6
  short: v12-vs-v11 -0.0381 
  long : v12-vs-v11 +0.0000 
