
==============================================================
Split(cutoff=2026-02-23, test=2026-03-02→2026-05-04, h=10)

pooled WAPE by segment (best_iter=73, clip_hi=10.00):
model         LGBM_v0  baseline
segment                        
TOTAL          0.1767    0.1845
smooth/long    0.1340    0.1311
smooth/short   0.2004    0.2141

bias% by segment:
              baseline  LGBM_v0
segment                        
smooth/long       -2.1      2.0
smooth/short      -8.0     -4.2
TOTAL             -5.9     -2.0
bootstrap LGBM-vs-baseline [short]: {'delta': -0.0137, 'se': 0.0032, 'ci_lo': -0.0198, 'ci_hi': -0.007}
bootstrap LGBM-vs-baseline [long]: {'delta': 0.0029, 'se': 0.0073, 'ci_lo': -0.0111, 'ci_hi': 0.0164}
ramp cohort (n=47):
    baseline  wape=0.3338 bias=-27.3%
    LGBM_v0   wape=0.3166 bias=-24.3%
learned ratio by lead: {1: 0.9887, 2: 0.9943, 3: 1.0084, 4: 1.0174, 5: 1.0263, 6: 1.0433, 7: 1.0504, 8: 1.0739, 9: 1.0981, 10: 1.1093}

==============================================================
Split(cutoff=2025-12-15, test=2025-12-22→2026-02-23, h=10)

pooled WAPE by segment (best_iter=603, clip_hi=11.46):
model         LGBM_v0  baseline
segment                        
TOTAL          0.2569    0.2016
smooth/long    0.3243    0.2171
smooth/short   0.2162    0.1923

bias% by segment:
              baseline  LGBM_v0
segment                        
smooth/long       16.7     29.6
smooth/short       2.1     13.6
TOTAL              7.6     19.6
bootstrap LGBM-vs-baseline [short]: {'delta': 0.0238, 'se': 0.0097, 'ci_lo': 0.0038, 'ci_hi': 0.0427}
bootstrap LGBM-vs-baseline [long]: {'delta': 0.1072, 'se': 0.0095, 'ci_lo': 0.0869, 'ci_hi': 0.1228}
ramp cohort (n=176):
    baseline  wape=0.1714 bias=+0.4%
    LGBM_v0   wape=0.1915 bias=+11.7%
learned ratio by lead: {1: 1.0433, 2: 1.058, 3: 1.0706, 4: 1.0858, 5: 1.1012, 6: 1.1227, 7: 1.1343, 8: 1.1538, 9: 1.1701, 10: 1.1921}

==============================================================
Split(cutoff=2025-10-06, test=2025-10-13→2025-12-15, h=10)

pooled WAPE by segment (best_iter=589, clip_hi=12.76):
model         LGBM_v0  baseline
segment                        
TOTAL          0.1276    0.1421
smooth/long    0.1103    0.1215
smooth/short   0.3956    0.4605

bias% by segment:
              baseline  LGBM_v0
segment                        
smooth/long       -8.2      3.0
smooth/short     -46.0    -39.6
TOTAL            -10.5      0.4
bootstrap LGBM-vs-baseline [short]: {'delta': -0.0648, 'se': 0.0049, 'ci_lo': -0.077, 'ci_hi': -0.0578}
bootstrap LGBM-vs-baseline [long]: {'delta': -0.0112, 'se': 0.0181, 'ci_lo': -0.0474, 'ci_hi': 0.0254}
ramp cohort (n=21):
    baseline  wape=0.3409 bias=-30.6%
    LGBM_v0   wape=0.2821 bias=-22.1%
learned ratio by lead: {1: 1.0507, 2: 1.071, 3: 1.0886, 4: 1.1, 5: 1.1145, 6: 1.1266, 7: 1.1364, 8: 1.1501, 9: 1.1681, 10: 1.1957}
