
==============================================================
Split(cutoff=2026-02-23, test=2026-03-02→2026-05-04, h=10)

pooled WAPE (v0 iters=73, v1 iters=161):
model         baseline      v0      v1
segment                               
TOTAL           0.1845  0.1767  0.1676
smooth/long     0.1311  0.1340  0.1470
smooth/short    0.2141  0.2004  0.1790

bias% by segment:
              baseline   v0   v1
segment                         
smooth/long       -2.1  2.0 -0.1
smooth/short      -8.0 -4.2 -2.6
TOTAL             -5.9 -2.0 -1.7
bootstrap v1-vs-baseline [short]: {'delta': -0.0351, 'se': 0.0076, 'ci_lo': -0.0495, 'ci_hi': -0.0204}
bootstrap v1-vs-v0       [short]: {'delta': -0.0215, 'se': 0.0075, 'ci_lo': -0.0365, 'ci_hi': -0.0069}
bootstrap v1-vs-baseline [long]: {'delta': 0.0159, 'se': 0.0082, 'ci_lo': 0.0003, 'ci_hi': 0.0323}
bootstrap v1-vs-v0       [long]: {'delta': 0.013, 'se': 0.0097, 'ci_lo': -0.0051, 'ci_hi': 0.0331}
ramp cohort (n=47):
    baseline  wape=0.3338 bias=-27.3%
    v0        wape=0.3166 bias=-24.3%
    v1        wape=0.2783 bias=-10.1%
v1 feature importance (gain):
  feature          gain
ramp_4_12 591446.255726
 y_last_r 446881.984823
  lag_1_r 357295.588253
     lead 173642.653511
learned response (rows=ramp state, cols=lead):
lead          1      5      10
ramp_4_12                     
0.6        0.753  0.884  1.043
0.8        0.838  0.827  0.896
1.0        0.909  0.932  1.138
1.2        1.003  1.059  1.192
1.5        1.248  1.005  1.437
2.0        1.983  2.020  2.166

==============================================================
Split(cutoff=2025-12-15, test=2025-12-22→2026-02-23, h=10)

pooled WAPE (v0 iters=603, v1 iters=113):
model         baseline      v0      v1
segment                               
TOTAL           0.2016  0.2569  0.3673
smooth/long     0.2171  0.3243  0.2430
smooth/short    0.1923  0.2162  0.4424

bias% by segment:
              baseline    v0    v1
segment                           
smooth/long       16.7  29.6  20.5
smooth/short       2.1  13.6  41.8
TOTAL              7.6  19.6  33.8
bootstrap v1-vs-baseline [short]: {'delta': 0.25, 'se': 0.0254, 'ci_lo': 0.1991, 'ci_hi': 0.3008}
bootstrap v1-vs-v0       [short]: {'delta': 0.2262, 'se': 0.0212, 'ci_lo': 0.1855, 'ci_hi': 0.2671}
bootstrap v1-vs-baseline [long]: {'delta': 0.0259, 'se': 0.0095, 'ci_lo': 0.0074, 'ci_hi': 0.045}
bootstrap v1-vs-v0       [long]: {'delta': -0.0813, 'se': 0.0122, 'ci_lo': -0.1035, 'ci_hi': -0.0546}
ramp cohort (n=176):
    baseline  wape=0.1714 bias=+0.4%
    v0        wape=0.1915 bias=+11.7%
    v1        wape=0.4330 bias=+41.8%
v1 feature importance (gain):
  feature          gain
ramp_4_12 525143.114067
 y_last_r 268435.763371
  lag_1_r 180438.037483
     lead 104365.156666
learned response (rows=ramp state, cols=lead):
lead          1      5      10
ramp_4_12                     
0.6        0.879  1.379  1.382
0.8        0.822  0.902  0.819
1.0        0.945  1.010  1.248
1.2        1.087  1.141  1.181
1.5        1.510  1.494  1.615
2.0        1.944  2.074  2.201

==============================================================
Split(cutoff=2025-10-06, test=2025-10-13→2025-12-15, h=10)

pooled WAPE (v0 iters=589, v1 iters=91):
model         baseline      v0      v1
segment                               
TOTAL           0.1421  0.1276  0.1033
smooth/long     0.1215  0.1103  0.0931
smooth/short    0.4605  0.3956  0.2602

bias% by segment:
              baseline    v0   v1
segment                          
smooth/long       -8.2   3.0 -0.4
smooth/short     -46.0 -39.6 -4.4
TOTAL            -10.5   0.4 -0.7
bootstrap v1-vs-baseline [short]: {'delta': -0.2002, 'se': 0.0725, 'ci_lo': -0.2945, 'ci_hi': -0.0245}
bootstrap v1-vs-v0       [short]: {'delta': -0.1354, 'se': 0.0767, 'ci_lo': -0.2359, 'ci_hi': 0.0504}
bootstrap v1-vs-baseline [long]: {'delta': -0.0284, 'se': 0.0151, 'ci_lo': -0.0551, 'ci_hi': 0.0019}
bootstrap v1-vs-v0       [long]: {'delta': -0.0172, 'se': 0.0085, 'ci_lo': -0.0337, 'ci_hi': 0.0003}
ramp cohort (n=21):
    baseline  wape=0.3409 bias=-30.6%
    v0        wape=0.2821 bias=-22.1%
    v1        wape=0.2159 bias=-3.4%
v1 feature importance (gain):
  feature          gain
ramp_4_12 459345.136864
 y_last_r 192664.129108
  lag_1_r 151627.109226
     lead  72935.078373
learned response (rows=ramp state, cols=lead):
lead          1      5      10
ramp_4_12                     
0.6        0.993  1.154  1.237
0.8        0.788  0.844  0.901
1.0        1.084  1.148  1.184
1.2        1.103  1.151  1.255
1.5        1.518  1.604  1.640
2.0        1.861  2.055  2.053
