
  !! REFERENCE FIGURES ARE STALE
     printed below: measured on snapshot 2026-08-03
     running on:    snapshot 2026-08-03-v2
     They are NOT comparable to this run's numbers. Re-measure them
     (scripts/ml_10 for PROTOTYPE, ml_03 and ml_08 for ml_12's) and
     update src/ml/reference.py before reading anything into a gap.


==================================================================
Mar-May  Split(cutoff=2026-02-23, test=2026-03-02→2026-05-04, h=10)

  v3 trees=189, v9 trees=127
  prototype (the bar): short 0.2028, long 0.1437

pooled WAPE:
model         baseline      v3      v9
segment                               
TOTAL           0.1845  0.1740  0.1743
smooth/long     0.1311  0.1417  0.1413
smooth/short    0.2141  0.1919  0.1926

bias% by segment:
              baseline   v3   v9
segment                         
smooth/long       -2.1 -0.5  1.4
smooth/short      -8.0  5.8  8.3
TOTAL             -5.9  3.6  5.8
bootstrap v9-vs-v3 [short]: {'delta': 0.0006, 'se': 0.0058, 'ci_lo': -0.0095, 'ci_hi': 0.0123}  significant=False
bootstrap v9-vs-v3 [long]: {'delta': -0.0004, 'se': 0.0094, 'ci_lo': -0.019, 'ci_hi': 0.0177}  significant=False

==================================================================
Dec-Feb  Split(cutoff=2025-12-15, test=2025-12-22→2026-02-23, h=10)

  v3 trees=84, v9 trees=69
  prototype (the bar): short 0.2904, long 0.2690

pooled WAPE:
model         baseline      v3      v9
segment                               
TOTAL           0.2016  0.2352  0.2117
smooth/long     0.2171  0.2799  0.2321
smooth/short    0.1923  0.2083  0.1994

bias% by segment:
              baseline    v3    v9
segment                           
smooth/long       16.7  25.1  19.0
smooth/short       2.1   6.5   0.4
TOTAL              7.6  13.5   7.4
bootstrap v9-vs-v3 [short]: {'delta': -0.0089, 'se': 0.0076, 'ci_lo': -0.0246, 'ci_hi': 0.0051}  significant=False
bootstrap v9-vs-v3 [long]: {'delta': -0.0478, 'se': 0.0073, 'ci_lo': -0.0611, 'ci_hi': -0.0321}  significant=True

==================================================================
Oct-Dec  Split(cutoff=2025-10-06, test=2025-10-13→2025-12-15, h=10)

  v3 trees=133, v9 trees=76
  prototype (the bar): short 0.4137, long 0.0918

pooled WAPE:
model         baseline      v3      v9
segment                               
TOTAL           0.1421  0.1101  0.1030
smooth/long     0.1215  0.1009  0.0937
smooth/short    0.4605  0.2513  0.2473

bias% by segment:
              baseline   v3   v9
segment                         
smooth/long       -8.2 -1.2 -0.9
smooth/short     -46.0  9.5  7.5
TOTAL            -10.5 -0.5 -0.4
bootstrap v9-vs-v3 [short]: {'delta': -0.004, 'se': 0.0087, 'ci_lo': -0.0245, 'ci_hi': 0.011}  significant=False
bootstrap v9-vs-v3 [long]: {'delta': -0.0072, 'se': 0.0045, 'ci_lo': -0.0167, 'ci_hi': 0.0014}  significant=False
