  Mar-May: both arms fitted and scored
  Dec-Feb: both arms fitted and scored
  Oct-Dec: both arms fitted and scored

======================================================================
pooled WAPE  (delta = v16 - v11; negative is better)
arm                      v11     v16   delta
segment      window                         
TOTAL        Dec-Feb  0.1766  0.1822  0.0056
             Mar-May  0.1720  0.1745  0.0025
             Oct-Dec  0.1128  0.1086 -0.0042
smooth/long  Dec-Feb  0.1389  0.1431  0.0042
             Mar-May  0.1350  0.1426  0.0076
             Oct-Dec  0.1040  0.0988 -0.0052
smooth/short Dec-Feb  0.1994  0.2057  0.0063
             Mar-May  0.1926  0.1922 -0.0004
             Oct-Dec  0.2473  0.2592  0.0119

======================================================================
bootstrap of the difference, 1000 paired SKU resamples
  window    segment           delta      se               95% CI  verdict
  Mar-May   smooth/short    -0.0003  0.0034  [-0.0071, +0.0063]  tie
  Mar-May   smooth/long     +0.0075  0.0057  [-0.0030, +0.0197]  tie
  Mar-May   TOTAL           +0.0025  0.0029  [-0.0031, +0.0082]  tie
  Dec-Feb   smooth/short    +0.0064  0.0047  [-0.0013, +0.0166]  tie
  Dec-Feb   smooth/long     +0.0042  0.0068  [-0.0095, +0.0173]  tie
  Dec-Feb   TOTAL           +0.0055  0.0041  [-0.0020, +0.0138]  tie
  Oct-Dec   smooth/short    +0.0120  0.0125  [-0.0147, +0.0382]  excluded
  Oct-Dec   smooth/long     -0.0053  0.0032  [-0.0117, +0.0009]  tie
  Oct-Dec   TOTAL           -0.0042  0.0031  [-0.0104, +0.0020]  tie

======================================================================
VERDICT against the pre-registered criterion
  Adopt unless a judged cell regresses by more than 2 standard errors.

  ADOPT. No judged cell regresses beyond noise.
  Set ML_SEASONAL_BLEND = True in config.py, then re-run the
  versions still quoted (v11, structural baseline, naive) and
  the phase sweep, which is v15's secondary criterion.

wrote outputs/reports/ml_v16_holiday_blend.csv
