
  !! REFERENCE FIGURES ARE STALE
     printed below: measured on snapshot 2026-08-03
     running on:    snapshot 2026-08-03-v2
     They are NOT comparable to this run's numbers. Re-measure them
     (scripts/ml_10 for PROTOTYPE, ml_03 and ml_08 for ml_12's) and
     update src/ml/reference.py before reading anything into a gap.


==================================================================
Mar-May
  prototype: short 0.2028, long 0.1437
model         baseline     v11  v13-long  v13-short
segment                                            
TOTAL           0.1845  0.1720    0.1728     0.1753
smooth/long     0.1311  0.1350    0.1370     0.1350
smooth/short    0.2141  0.1926    0.1926     0.1976
  v13-short short vs v11: +0.0050 
  v13-long  long  vs v11: +0.0020 

==================================================================
Dec-Feb
  prototype: short 0.2904, long 0.269
model         baseline     v11  v13-long  v13-short
segment                                            
TOTAL           0.2016  0.1766    0.1800     0.1953
smooth/long     0.2171  0.1389    0.1478     0.1389
smooth/short    0.1923  0.1994    0.1994     0.2293
  v13-short short vs v11: +0.0299 SIG
  v13-long  long  vs v11: +0.0089 

==================================================================
Oct-Dec
  prototype: short 0.4137, long 0.0918
model         baseline     v11  v13-long  v13-short
segment                                            
TOTAL           0.1421  0.1128    0.1094     0.1136
smooth/long     0.1215  0.1040    0.1005     0.1040
smooth/short    0.4605  0.2473    0.2473     0.2605
  v13-short short vs v11: +0.0132 
  v13-long  long  vs v11: -0.0035 
