
  !! REFERENCE FIGURES ARE STALE
     printed below: measured on snapshot 2026-08-03
     running on:    snapshot 2026-08-03-v2
     They are NOT comparable to this run's numbers. Re-measure them
     (scripts/ml_10 for PROTOTYPE, ml_03 and ml_08 for ml_12's) and
     update src/ml/reference.py before reading anything into a gap.


==================================================================
Mar-May
  prototype: short 0.2028, long 0.1437
model         baseline     v11     v12
segment                               
TOTAL           0.1845  0.1720  0.4088
smooth/long     0.1311  0.1350  0.1350
smooth/short    0.2141  0.1926  0.5605

bias% by segment:
              baseline  v11   v12
segment                          
smooth/long       -2.1 -6.2  -6.2
smooth/short      -8.0  8.3  53.8
TOTAL             -5.9  3.1  32.4
  short: v12-vs-v11 +0.3679 SIG
  long : v12-vs-v11 +0.0000 

==================================================================
Dec-Feb
  prototype: short 0.2904, long 0.269
model         baseline     v11     v12
segment                               
TOTAL           0.2016  0.1766  0.2079
smooth/long     0.2171  0.1389  0.1389
smooth/short    0.1923  0.1994  0.2495

bias% by segment:
              baseline  v11   v12
segment                          
smooth/long       16.7  4.3   4.3
smooth/short       2.1  0.4 -11.8
TOTAL              7.6  1.8  -5.8
  short: v12-vs-v11 +0.0501 SIG
  long : v12-vs-v11 +0.0000 

==================================================================
Oct-Dec
  prototype: short 0.4137, long 0.0918
model         baseline     v11     v12
segment                               
TOTAL           0.1421  0.1128  0.1135
smooth/long     0.1215  0.1040  0.1040
smooth/short    0.4605  0.2473  0.2589

bias% by segment:
              baseline  v11  v12
segment                         
smooth/long       -8.2  1.0  1.0
smooth/short     -46.0  7.5  7.3
TOTAL            -10.5  1.4  1.4
  short: v12-vs-v11 +0.0116 
  long : v12-vs-v11 +0.0000 
