/Users/dev.maccoverland.com/Documents/Time_Series_Forecasting/.venv/lib/python3.13/site-packages/lightgbm/sklearn.py:1106: LGBMDeprecationWarning: The argument 'eval_set' is deprecated, use 'eval_X' and 'eval_y' instead.
  eval_set = _validate_eval_set_Xy(eval_set=eval_set, eval_X=eval_X, eval_y=eval_y)
/Users/dev.maccoverland.com/Documents/Time_Series_Forecasting/.venv/lib/python3.13/site-packages/lightgbm/sklearn.py:1106: LGBMDeprecationWarning: The argument 'eval_set' is deprecated, use 'eval_X' and 'eval_y' instead.
  eval_set = _validate_eval_set_Xy(eval_set=eval_set, eval_X=eval_X, eval_y=eval_y)
/Users/dev.maccoverland.com/Documents/Time_Series_Forecasting/.venv/lib/python3.13/site-packages/lightgbm/sklearn.py:1106: LGBMDeprecationWarning: The argument 'eval_set' is deprecated, use 'eval_X' and 'eval_y' instead.
  eval_set = _validate_eval_set_Xy(eval_set=eval_set, eval_X=eval_X, eval_y=eval_y)
/Users/dev.maccoverland.com/Documents/Time_Series_Forecasting/.venv/lib/python3.13/site-packages/lightgbm/sklearn.py:1106: LGBMDeprecationWarning: The argument 'eval_set' is deprecated, use 'eval_X' and 'eval_y' instead.
  eval_set = _validate_eval_set_Xy(eval_set=eval_set, eval_X=eval_X, eval_y=eval_y)
/Users/dev.maccoverland.com/Documents/Time_Series_Forecasting/.venv/lib/python3.13/site-packages/lightgbm/sklearn.py:1106: LGBMDeprecationWarning: The argument 'eval_set' is deprecated, use 'eval_X' and 'eval_y' instead.
  eval_set = _validate_eval_set_Xy(eval_set=eval_set, eval_X=eval_X, eval_y=eval_y)
/Users/dev.maccoverland.com/Documents/Time_Series_Forecasting/.venv/lib/python3.13/site-packages/lightgbm/sklearn.py:1106: LGBMDeprecationWarning: The argument 'eval_set' is deprecated, use 'eval_X' and 'eval_y' instead.
  eval_set = _validate_eval_set_Xy(eval_set=eval_set, eval_X=eval_X, eval_y=eval_y)

==============================================================
Split(cutoff=2026-02-23, test=2026-03-02→2026-05-04, h=10)

pooled WAPE (v0 iters=552, v1 iters=32):
model         baseline      v0      v1
segment                               
TOTAL           0.1825  0.1740  0.1670
smooth/long     0.1313  0.1352  0.1347
smooth/short    0.2114  0.1959  0.1852

bias% by segment:
              baseline   v0   v1
segment                         
smooth/long       -2.1  2.6  1.1
smooth/short      -7.6 -3.2 -1.3
TOTAL             -5.6 -1.1 -0.5
bootstrap v1-vs-baseline [short]: {'delta': -0.0263, 'se': 0.006, 'ci_lo': -0.037, 'ci_hi': -0.0133}
bootstrap v1-vs-v0       [short]: {'delta': -0.0107, 'se': 0.0042, 'ci_lo': -0.019, 'ci_hi': -0.002}
bootstrap v1-vs-baseline [long]: {'delta': 0.0034, 'se': 0.0113, 'ci_lo': -0.0196, 'ci_hi': 0.025}
bootstrap v1-vs-v0       [long]: {'delta': -0.0005, 'se': 0.011, 'ci_lo': -0.0244, 'ci_hi': 0.0186}
ramp cohort (n=40):
    baseline  wape=0.3327 bias=-27.4%
    v0        wape=0.3118 bias=-24.0%
    v1        wape=0.2869 bias=-13.8%
v1 feature importance (gain):
  feature          gain
ramp_4_12 405243.032135
 y_last_r 257239.335281
  lag_1_r 130245.620972
     lead 102467.214539
learned response (rows=ramp state, cols=lead):
lead          1      5      10
ramp_4_12                     
0.6        0.881  0.995  1.130
0.8        0.905  0.883  0.952
1.0        1.047  1.094  1.107
1.2        1.046  1.061  1.111
1.5        1.117  1.031  1.207
2.0        1.764  1.776  1.833

==============================================================
Split(cutoff=2025-12-15, test=2025-12-22→2026-02-23, h=10)

pooled WAPE (v0 iters=44, v1 iters=56):
model         baseline      v0      v1
segment                               
TOTAL           0.1999  0.2673  0.3698
smooth/long     0.2175  0.3434  0.2682
smooth/short    0.1893  0.2210  0.4315

bias% by segment:
              baseline    v0    v1
segment                           
smooth/long       16.7  31.7  23.6
smooth/short       1.8  15.1  40.7
TOTAL              7.4  21.4  34.2
bootstrap v1-vs-baseline [short]: {'delta': 0.2423, 'se': 0.025, 'ci_lo': 0.1926, 'ci_hi': 0.2917}
bootstrap v1-vs-v0       [short]: {'delta': 0.2105, 'se': 0.019, 'ci_lo': 0.1721, 'ci_hi': 0.2509}
bootstrap v1-vs-baseline [long]: {'delta': 0.0507, 'se': 0.0086, 'ci_lo': 0.0331, 'ci_hi': 0.0669}
bootstrap v1-vs-v0       [long]: {'delta': -0.0753, 'se': 0.0096, 'ci_lo': -0.091, 'ci_hi': -0.0541}
ramp cohort (n=173):
    baseline  wape=0.1706 bias=+0.4%
    v0        wape=0.1995 bias=+13.5%
    v1        wape=0.4227 bias=+40.7%
v1 feature importance (gain):
  feature          gain
ramp_4_12 489658.745682
 y_last_r 207577.667496
  lag_1_r 123103.513672
     lead 106946.119492
learned response (rows=ramp state, cols=lead):
lead          1      5      10
ramp_4_12                     
0.6        0.898  1.332  1.380
0.8        0.895  1.022  1.087
1.0        1.033  1.101  1.162
1.2        1.071  1.134  1.187
1.5        1.520  1.558  1.661
2.0        1.858  1.919  1.994

==============================================================
Split(cutoff=2025-10-06, test=2025-10-13→2025-12-15, h=10)

pooled WAPE (v0 iters=533, v1 iters=40):
model         baseline      v0      v1
segment                               
TOTAL           0.1408  0.1284  0.1069
smooth/long     0.1213  0.1123  0.0989
smooth/short    0.4755  0.4055  0.2445

bias% by segment:
              baseline    v0    v1
segment                           
smooth/long       -8.2   4.3   1.4
smooth/short     -47.6 -40.5 -10.1
TOTAL            -10.4   1.9   0.7
bootstrap v1-vs-baseline [short]: {'delta': -0.231, 'se': 0.0553, 'ci_lo': -0.3041, 'ci_hi': -0.0948}
bootstrap v1-vs-v0       [short]: {'delta': -0.161, 'se': 0.0603, 'ci_lo': -0.2406, 'ci_hi': -0.0128}
bootstrap v1-vs-baseline [long]: {'delta': -0.0225, 'se': 0.0176, 'ci_lo': -0.0548, 'ci_hi': 0.0146}
bootstrap v1-vs-v0       [long]: {'delta': -0.0134, 'se': 0.0074, 'ci_lo': -0.028, 'ci_hi': 0.0011}
ramp cohort (n=18):
    baseline  wape=0.3413 bias=-30.4%
    v0        wape=0.2772 bias=-21.0%
    v1        wape=0.2052 bias=-5.7%
v1 feature importance (gain):
  feature          gain
ramp_4_12 437342.876144
 y_last_r 123021.758652
  lag_1_r  83507.093925
     lead  65073.483788
learned response (rows=ramp state, cols=lead):
lead          1      5      10
ramp_4_12                     
0.6        0.992  1.241  1.439
0.8        0.895  0.955  1.034
1.0        1.092  1.152  1.166
1.2        1.084  1.143  1.193
1.5        1.531  1.625  1.629
2.0        1.801  1.947  1.947
