/Users/dev.maccoverland.com/Documents/Time_Series_Forecasting/.venv/lib/python3.13/site-packages/lightgbm/sklearn.py:1106: LGBMDeprecationWarning: The argument 'eval_set' is deprecated, use 'eval_X' and 'eval_y' instead.
  eval_set = _validate_eval_set_Xy(eval_set=eval_set, eval_X=eval_X, eval_y=eval_y)
/Users/dev.maccoverland.com/Documents/Time_Series_Forecasting/.venv/lib/python3.13/site-packages/lightgbm/sklearn.py:1106: LGBMDeprecationWarning: The argument 'eval_set' is deprecated, use 'eval_X' and 'eval_y' instead.
  eval_set = _validate_eval_set_Xy(eval_set=eval_set, eval_X=eval_X, eval_y=eval_y)
/Users/dev.maccoverland.com/Documents/Time_Series_Forecasting/.venv/lib/python3.13/site-packages/lightgbm/sklearn.py:1106: LGBMDeprecationWarning: The argument 'eval_set' is deprecated, use 'eval_X' and 'eval_y' instead.
  eval_set = _validate_eval_set_Xy(eval_set=eval_set, eval_X=eval_X, eval_y=eval_y)

==============================================================
Split(cutoff=2026-02-23, test=2026-03-02→2026-05-04, h=10)

pooled WAPE by segment (best_iter=552, clip_hi=9.10):
model         LGBM_v0  baseline
segment                        
TOTAL          0.1740    0.1825
smooth/long    0.1352    0.1313
smooth/short   0.1959    0.2114

bias% by segment:
              baseline  LGBM_v0
segment                        
smooth/long       -2.1      2.6
smooth/short      -7.6     -3.2
TOTAL             -5.6     -1.1
bootstrap LGBM-vs-baseline [short]: {'delta': -0.0156, 'se': 0.0037, 'ci_lo': -0.0218, 'ci_hi': -0.0079}
bootstrap LGBM-vs-baseline [long]: {'delta': 0.0039, 'se': 0.0087, 'ci_lo': -0.0135, 'ci_hi': 0.0198}
ramp cohort (n=40):
    baseline  wape=0.3327 bias=-27.4%
    LGBM_v0   wape=0.3118 bias=-24.0%
learned ratio by lead: {1: 0.9937, 2: 0.9998, 3: 1.014, 4: 1.0244, 5: 1.0324, 6: 1.045, 7: 1.0564, 8: 1.0796, 9: 1.1053, 10: 1.12}

==============================================================
Split(cutoff=2025-12-15, test=2025-12-22→2026-02-23, h=10)

pooled WAPE by segment (best_iter=44, clip_hi=10.39):
model         LGBM_v0  baseline
segment                        
TOTAL          0.2673    0.1999
smooth/long    0.3434    0.2175
smooth/short   0.2210    0.1893

bias% by segment:
              baseline  LGBM_v0
segment                        
smooth/long       16.7     31.7
smooth/short       1.8     15.1
TOTAL              7.4     21.4
bootstrap LGBM-vs-baseline [short]: {'delta': 0.0318, 'se': 0.0112, 'ci_lo': 0.0098, 'ci_hi': 0.0526}
bootstrap LGBM-vs-baseline [long]: {'delta': 0.126, 'se': 0.0109, 'ci_lo': 0.1005, 'ci_hi': 0.143}
ramp cohort (n=173):
    baseline  wape=0.1706 bias=+0.4%
    LGBM_v0   wape=0.1995 bias=+13.5%
learned ratio by lead: {1: 1.0608, 2: 1.0727, 3: 1.0881, 4: 1.1018, 5: 1.1195, 6: 1.1391, 7: 1.155, 8: 1.1752, 9: 1.1876, 10: 1.2075}

==============================================================
Split(cutoff=2025-10-06, test=2025-10-13→2025-12-15, h=10)

pooled WAPE by segment (best_iter=533, clip_hi=12.02):
model         LGBM_v0  baseline
segment                        
TOTAL          0.1284    0.1408
smooth/long    0.1123    0.1213
smooth/short   0.4055    0.4755

bias% by segment:
              baseline  LGBM_v0
segment                        
smooth/long       -8.2      4.3
smooth/short     -47.6    -40.5
TOTAL            -10.4      1.9
bootstrap LGBM-vs-baseline [short]: {'delta': -0.07, 'se': 0.0058, 'ci_lo': -0.0831, 'ci_hi': -0.062}
bootstrap LGBM-vs-baseline [long]: {'delta': -0.0091, 'se': 0.0205, 'ci_lo': -0.0487, 'ci_hi': 0.0324}
ramp cohort (n=18):
    baseline  wape=0.3413 bias=-30.4%
    LGBM_v0   wape=0.2772 bias=-21.0%
learned ratio by lead: {1: 1.061, 2: 1.0769, 3: 1.0894, 4: 1.1054, 5: 1.1293, 6: 1.1435, 7: 1.1583, 8: 1.1788, 9: 1.1791, 10: 1.2136}
