/Users/dev.maccoverland.com/Documents/Time_Series_Forecasting/.venv/lib/python3.13/site-packages/lightgbm/sklearn.py:1106: LGBMDeprecationWarning: The argument 'eval_set' is deprecated, use 'eval_X' and 'eval_y' instead.
  eval_set = _validate_eval_set_Xy(eval_set=eval_set, eval_X=eval_X, eval_y=eval_y)
/Users/dev.maccoverland.com/Documents/Time_Series_Forecasting/.venv/lib/python3.13/site-packages/lightgbm/sklearn.py:1106: LGBMDeprecationWarning: The argument 'eval_set' is deprecated, use 'eval_X' and 'eval_y' instead.
  eval_set = _validate_eval_set_Xy(eval_set=eval_set, eval_X=eval_X, eval_y=eval_y)
/Users/dev.maccoverland.com/Documents/Time_Series_Forecasting/.venv/lib/python3.13/site-packages/lightgbm/sklearn.py:1106: LGBMDeprecationWarning: The argument 'eval_set' is deprecated, use 'eval_X' and 'eval_y' instead.
  eval_set = _validate_eval_set_Xy(eval_set=eval_set, eval_X=eval_X, eval_y=eval_y)
/Users/dev.maccoverland.com/Documents/Time_Series_Forecasting/.venv/lib/python3.13/site-packages/lightgbm/sklearn.py:1106: LGBMDeprecationWarning: The argument 'eval_set' is deprecated, use 'eval_X' and 'eval_y' instead.
  eval_set = _validate_eval_set_Xy(eval_set=eval_set, eval_X=eval_X, eval_y=eval_y)
/Users/dev.maccoverland.com/Documents/Time_Series_Forecasting/.venv/lib/python3.13/site-packages/lightgbm/sklearn.py:1106: LGBMDeprecationWarning: The argument 'eval_set' is deprecated, use 'eval_X' and 'eval_y' instead.
  eval_set = _validate_eval_set_Xy(eval_set=eval_set, eval_X=eval_X, eval_y=eval_y)
/Users/dev.maccoverland.com/Documents/Time_Series_Forecasting/.venv/lib/python3.13/site-packages/lightgbm/sklearn.py:1106: LGBMDeprecationWarning: The argument 'eval_set' is deprecated, use 'eval_X' and 'eval_y' instead.
  eval_set = _validate_eval_set_Xy(eval_set=eval_set, eval_X=eval_X, eval_y=eval_y)
/Users/dev.maccoverland.com/Documents/Time_Series_Forecasting/.venv/lib/python3.13/site-packages/lightgbm/sklearn.py:1106: LGBMDeprecationWarning: The argument 'eval_set' is deprecated, use 'eval_X' and 'eval_y' instead.
  eval_set = _validate_eval_set_Xy(eval_set=eval_set, eval_X=eval_X, eval_y=eval_y)
/Users/dev.maccoverland.com/Documents/Time_Series_Forecasting/.venv/lib/python3.13/site-packages/lightgbm/sklearn.py:1106: LGBMDeprecationWarning: The argument 'eval_set' is deprecated, use 'eval_X' and 'eval_y' instead.
  eval_set = _validate_eval_set_Xy(eval_set=eval_set, eval_X=eval_X, eval_y=eval_y)
/Users/dev.maccoverland.com/Documents/Time_Series_Forecasting/.venv/lib/python3.13/site-packages/lightgbm/sklearn.py:1106: LGBMDeprecationWarning: The argument 'eval_set' is deprecated, use 'eval_X' and 'eval_y' instead.
  eval_set = _validate_eval_set_Xy(eval_set=eval_set, eval_X=eval_X, eval_y=eval_y)
/Users/dev.maccoverland.com/Documents/Time_Series_Forecasting/.venv/lib/python3.13/site-packages/lightgbm/sklearn.py:1106: LGBMDeprecationWarning: The argument 'eval_set' is deprecated, use 'eval_X' and 'eval_y' instead.
  eval_set = _validate_eval_set_Xy(eval_set=eval_set, eval_X=eval_X, eval_y=eval_y)
/Users/dev.maccoverland.com/Documents/Time_Series_Forecasting/.venv/lib/python3.13/site-packages/lightgbm/sklearn.py:1106: LGBMDeprecationWarning: The argument 'eval_set' is deprecated, use 'eval_X' and 'eval_y' instead.
  eval_set = _validate_eval_set_Xy(eval_set=eval_set, eval_X=eval_X, eval_y=eval_y)
/Users/dev.maccoverland.com/Documents/Time_Series_Forecasting/.venv/lib/python3.13/site-packages/lightgbm/sklearn.py:1106: LGBMDeprecationWarning: The argument 'eval_set' is deprecated, use 'eval_X' and 'eval_y' instead.
  eval_set = _validate_eval_set_Xy(eval_set=eval_set, eval_X=eval_X, eval_y=eval_y)

  !! REFERENCE FIGURES ARE STALE
     printed below: measured on snapshot 2026-07-20
     running on:    snapshot 2026-08-03
     They are NOT comparable to this run's numbers. Re-measure them
     (scripts/ml_10 for PROTOTYPE, ml_03 and ml_08 for ml_12's) and
     update src/ml/reference.py before reading anything into a gap.


==================================================================
Mar-May  Split(cutoff=2026-02-23, test=2026-03-02→2026-05-04, h=10)

  weight scaling: long x0.829, short x1.355   (v3 iters=53, v7 iters=115)
  prototype (the bar): short 0.2014, long 0.1411

pooled WAPE:
model         baseline      v3      v4      v7   v7ref
segment                                               
TOTAL           0.1825  0.1705  0.2218  0.2283  0.1714
smooth/long     0.1313  0.1431  0.1440  0.1463  0.1465
smooth/short    0.2114  0.1859  0.2657  0.2746  0.1855

bias% by segment:
              baseline   v3    v4    v7  v7ref
segment                                       
smooth/long       -2.1  2.5  -0.4  -1.2    4.8
smooth/short      -7.6  8.0  22.2  23.2    9.2
TOTAL             -5.6  6.0  14.1  14.4    7.6
bootstrap v7-vs-v3 [short]: {'delta': 0.0887, 'se': 0.0165, 'ci_lo': 0.0571, 'ci_hi': 0.1201}  significant=True
bootstrap v7-vs-v3 [long]: {'delta': 0.0032, 'se': 0.0096, 'ci_lo': -0.015, 'ci_hi': 0.0218}  significant=False

==================================================================
Dec-Feb  Split(cutoff=2025-12-15, test=2025-12-22→2026-02-23, h=10)

  weight scaling: long x0.771, short x1.775   (v3 iters=65, v7 iters=70)
  prototype (the bar): short 0.2863, long 0.2737

pooled WAPE:
model         baseline      v3      v4      v7   v7ref
segment                                               
TOTAL           0.1999  0.2157  0.1965  0.1919  0.2272
smooth/long     0.2175  0.2365  0.1983  0.1890  0.2759
smooth/short    0.1893  0.2030  0.1954  0.1937  0.1977

bias% by segment:
              baseline    v3    v4    v7  v7ref
segment                                        
smooth/long       16.7  20.0  15.7  14.7   24.6
smooth/short       1.8  -0.3   5.5   6.2    1.2
TOTAL              7.4   7.4   9.4   9.4   10.1
bootstrap v7-vs-v3 [short]: {'delta': -0.0093, 'se': 0.0081, 'ci_lo': -0.0246, 'ci_hi': 0.0077}  significant=False
bootstrap v7-vs-v3 [long]: {'delta': -0.0475, 'se': 0.0082, 'ci_lo': -0.0624, 'ci_hi': -0.0312}  significant=True

==================================================================
Oct-Dec  Split(cutoff=2025-10-06, test=2025-10-13→2025-12-15, h=10)

  weight scaling: long x0.714, short x5.275   (v3 iters=44, v7 iters=35)
  prototype (the bar): short 0.4251, long 0.0911

pooled WAPE:
model         baseline      v3      v4      v7   v7ref
segment                                               
TOTAL           0.1408  0.1071  0.1060  0.1088  0.1099
smooth/long     0.1213  0.0995  0.0981  0.1009  0.1025
smooth/short    0.4755  0.2376  0.2422  0.2461  0.2372

bias% by segment:
              baseline   v3   v4   v7  v7ref
segment                                     
smooth/long       -8.2  1.4  1.4  1.9    1.8
smooth/short     -47.6  1.0  2.3 -6.6   -0.8
TOTAL            -10.4  1.4  1.4  1.5    1.6
bootstrap v7-vs-v3 [short]: {'delta': 0.0085, 'se': 0.0261, 'ci_lo': -0.0538, 'ci_hi': 0.0449}  significant=False
bootstrap v7-vs-v3 [long]: {'delta': 0.0013, 'se': 0.003, 'ci_lo': -0.0042, 'ci_hi': 0.0072}  significant=False
