/Users/dev.maccoverland.com/Documents/Time_Series_Forecasting/.venv/lib/python3.13/site-packages/lightgbm/sklearn.py:1106: LGBMDeprecationWarning: The argument 'eval_set' is deprecated, use 'eval_X' and 'eval_y' instead.
  eval_set = _validate_eval_set_Xy(eval_set=eval_set, eval_X=eval_X, eval_y=eval_y)
/Users/dev.maccoverland.com/Documents/Time_Series_Forecasting/.venv/lib/python3.13/site-packages/lightgbm/sklearn.py:1106: LGBMDeprecationWarning: The argument 'eval_set' is deprecated, use 'eval_X' and 'eval_y' instead.
  eval_set = _validate_eval_set_Xy(eval_set=eval_set, eval_X=eval_X, eval_y=eval_y)
/Users/dev.maccoverland.com/Documents/Time_Series_Forecasting/.venv/lib/python3.13/site-packages/lightgbm/sklearn.py:1106: LGBMDeprecationWarning: The argument 'eval_set' is deprecated, use 'eval_X' and 'eval_y' instead.
  eval_set = _validate_eval_set_Xy(eval_set=eval_set, eval_X=eval_X, eval_y=eval_y)
/Users/dev.maccoverland.com/Documents/Time_Series_Forecasting/.venv/lib/python3.13/site-packages/lightgbm/sklearn.py:1106: LGBMDeprecationWarning: The argument 'eval_set' is deprecated, use 'eval_X' and 'eval_y' instead.
  eval_set = _validate_eval_set_Xy(eval_set=eval_set, eval_X=eval_X, eval_y=eval_y)
/Users/dev.maccoverland.com/Documents/Time_Series_Forecasting/.venv/lib/python3.13/site-packages/lightgbm/sklearn.py:1106: LGBMDeprecationWarning: The argument 'eval_set' is deprecated, use 'eval_X' and 'eval_y' instead.
  eval_set = _validate_eval_set_Xy(eval_set=eval_set, eval_X=eval_X, eval_y=eval_y)
/Users/dev.maccoverland.com/Documents/Time_Series_Forecasting/.venv/lib/python3.13/site-packages/lightgbm/sklearn.py:1106: LGBMDeprecationWarning: The argument 'eval_set' is deprecated, use 'eval_X' and 'eval_y' instead.
  eval_set = _validate_eval_set_Xy(eval_set=eval_set, eval_X=eval_X, eval_y=eval_y)

  !! REFERENCE FIGURES ARE STALE
     printed below: measured on snapshot 2026-07-20
     running on:    snapshot 2026-08-03
     They are NOT comparable to this run's numbers. Re-measure them
     (scripts/ml_10 for PROTOTYPE, ml_03 and ml_08 for ml_12's) and
     update src/ml/reference.py before reading anything into a gap.


==================================================================
Mar-May  Split(cutoff=2026-02-23, test=2026-03-02→2026-05-04, h=10)

  v3 trees=62, v9 trees=53
  prototype (the bar): short 0.2014, long 0.1411

pooled WAPE:
model         baseline      v3      v9
segment                               
TOTAL           0.1825  0.1665  0.1705
smooth/long     0.1313  0.1350  0.1431
smooth/short    0.2114  0.1844  0.1859

bias% by segment:
              baseline   v3   v9
segment                         
smooth/long       -2.1  0.3  2.5
smooth/short      -7.6  6.2  8.0
TOTAL             -5.6  4.1  6.0
bootstrap v9-vs-v3 [short]: {'delta': 0.0016, 'se': 0.0048, 'ci_lo': -0.0075, 'ci_hi': 0.0118}  significant=False
bootstrap v9-vs-v3 [long]: {'delta': 0.0081, 'se': 0.01, 'ci_lo': -0.0133, 'ci_hi': 0.0262}  significant=False

==================================================================
Dec-Feb  Split(cutoff=2025-12-15, test=2025-12-22→2026-02-23, h=10)

  v3 trees=95, v9 trees=65
  prototype (the bar): short 0.2863, long 0.2737

pooled WAPE:
model         baseline      v3      v9
segment                               
TOTAL           0.1999  0.2404  0.2157
smooth/long     0.2175  0.2908  0.2365
smooth/short    0.1893  0.2097  0.2030

bias% by segment:
              baseline    v3    v9
segment                           
smooth/long       16.7  26.7  20.0
smooth/short       1.8   5.8  -0.3
TOTAL              7.4  13.7   7.4
bootstrap v9-vs-v3 [short]: {'delta': -0.0067, 'se': 0.0064, 'ci_lo': -0.0187, 'ci_hi': 0.0061}  significant=False
bootstrap v9-vs-v3 [long]: {'delta': -0.0543, 'se': 0.008, 'ci_lo': -0.0694, 'ci_hi': -0.0382}  significant=True

==================================================================
Oct-Dec  Split(cutoff=2025-10-06, test=2025-10-13→2025-12-15, h=10)

  v3 trees=33, v9 trees=44
  prototype (the bar): short 0.4251, long 0.0911

pooled WAPE:
model         baseline      v3      v9
segment                               
TOTAL           0.1408  0.1082  0.1071
smooth/long     0.1213  0.1009  0.0995
smooth/short    0.4755  0.2347  0.2376

bias% by segment:
              baseline   v3   v9
segment                         
smooth/long       -8.2  1.6  1.4
smooth/short     -47.6 -1.2  1.0
TOTAL            -10.4  1.5  1.4
bootstrap v9-vs-v3 [short]: {'delta': 0.0029, 'se': 0.012, 'ci_lo': -0.0127, 'ci_hi': 0.0327}  significant=False
bootstrap v9-vs-v3 [long]: {'delta': -0.0013, 'se': 0.0021, 'ci_lo': -0.0052, 'ci_hi': 0.0029}  significant=False
